Archive member included to satisfy reference by file (symbol)

c:/program files (x86)/gnu arm embedded toolchain/10 2021.10/bin/../lib/gcc/arm-none-eabi/10.3.1/../../../../arm-none-eabi/lib/thumb/v7e-m+fp/hard\libc_nano.a(lib_a-exit.o)
                              c:/program files (x86)/gnu arm embedded toolchain/10 2021.10/bin/../lib/gcc/arm-none-eabi/10.3.1/../../../../arm-none-eabi/lib/thumb/v7e-m+fp/hard/crt0.o (exit)
c:/program files (x86)/gnu arm embedded toolchain/10 2021.10/bin/../lib/gcc/arm-none-eabi/10.3.1/../../../../arm-none-eabi/lib/thumb/v7e-m+fp/hard\libc_nano.a(lib_a-impure.o)
                              c:/program files (x86)/gnu arm embedded toolchain/10 2021.10/bin/../lib/gcc/arm-none-eabi/10.3.1/../../../../arm-none-eabi/lib/thumb/v7e-m+fp/hard\libc_nano.a(lib_a-exit.o) (_global_impure_ptr)
c:/program files (x86)/gnu arm embedded toolchain/10 2021.10/bin/../lib/gcc/arm-none-eabi/10.3.1/../../../../arm-none-eabi/lib/thumb/v7e-m+fp/hard\libc_nano.a(lib_a-init.o)
                              c:/program files (x86)/gnu arm embedded toolchain/10 2021.10/bin/../lib/gcc/arm-none-eabi/10.3.1/../../../../arm-none-eabi/lib/thumb/v7e-m+fp/hard/crt0.o (__libc_init_array)
c:/program files (x86)/gnu arm embedded toolchain/10 2021.10/bin/../lib/gcc/arm-none-eabi/10.3.1/../../../../arm-none-eabi/lib/thumb/v7e-m+fp/hard\libc_nano.a(lib_a-memcpy-stub.o)
                              build/queue.o (memcpy)
c:/program files (x86)/gnu arm embedded toolchain/10 2021.10/bin/../lib/gcc/arm-none-eabi/10.3.1/../../../../arm-none-eabi/lib/thumb/v7e-m+fp/hard\libc_nano.a(lib_a-memset.o)
                              c:/program files (x86)/gnu arm embedded toolchain/10 2021.10/bin/../lib/gcc/arm-none-eabi/10.3.1/../../../../arm-none-eabi/lib/thumb/v7e-m+fp/hard/crt0.o (memset)
c:/program files (x86)/gnu arm embedded toolchain/10 2021.10/bin/../lib/gcc/arm-none-eabi/10.3.1/../../../../arm-none-eabi/lib/thumb/v7e-m+fp/hard\libc_nano.a(lib_a-strlen.o)
                              build/freertos.o (strlen)
c:/program files (x86)/gnu arm embedded toolchain/10 2021.10/bin/../lib/gcc/arm-none-eabi/10.3.1/../../../../arm-none-eabi/lib/thumb/v7e-m+fp/hard\libnosys.a(_exit.o)
                              c:/program files (x86)/gnu arm embedded toolchain/10 2021.10/bin/../lib/gcc/arm-none-eabi/10.3.1/../../../../arm-none-eabi/lib/thumb/v7e-m+fp/hard\libc_nano.a(lib_a-exit.o) (_exit)
c:/program files (x86)/gnu arm embedded toolchain/10 2021.10/bin/../lib/gcc/arm-none-eabi/10.3.1/thumb/v7e-m+fp/hard\libgcc.a(_aeabi_uldivmod.o)
                              build/stm32f4xx_hal_rcc.o (__aeabi_uldivmod)
c:/program files (x86)/gnu arm embedded toolchain/10 2021.10/bin/../lib/gcc/arm-none-eabi/10.3.1/thumb/v7e-m+fp/hard\libgcc.a(_udivmoddi4.o)
                              c:/program files (x86)/gnu arm embedded toolchain/10 2021.10/bin/../lib/gcc/arm-none-eabi/10.3.1/thumb/v7e-m+fp/hard\libgcc.a(_aeabi_uldivmod.o) (__udivmoddi4)
c:/program files (x86)/gnu arm embedded toolchain/10 2021.10/bin/../lib/gcc/arm-none-eabi/10.3.1/thumb/v7e-m+fp/hard\libgcc.a(_dvmd_tls.o)
                              c:/program files (x86)/gnu arm embedded toolchain/10 2021.10/bin/../lib/gcc/arm-none-eabi/10.3.1/thumb/v7e-m+fp/hard\libgcc.a(_aeabi_uldivmod.o) (__aeabi_ldiv0)

Discarded input sections

 .text          0x00000000        0x0 c:/program files (x86)/gnu arm embedded toolchain/10 2021.10/bin/../lib/gcc/arm-none-eabi/10.3.1/thumb/v7e-m+fp/hard/crti.o
 .data          0x00000000        0x0 c:/program files (x86)/gnu arm embedded toolchain/10 2021.10/bin/../lib/gcc/arm-none-eabi/10.3.1/thumb/v7e-m+fp/hard/crti.o
 .bss           0x00000000        0x0 c:/program files (x86)/gnu arm embedded toolchain/10 2021.10/bin/../lib/gcc/arm-none-eabi/10.3.1/thumb/v7e-m+fp/hard/crti.o
 .data          0x00000000        0x4 c:/program files (x86)/gnu arm embedded toolchain/10 2021.10/bin/../lib/gcc/arm-none-eabi/10.3.1/thumb/v7e-m+fp/hard/crtbegin.o
 .rodata        0x00000000       0x24 c:/program files (x86)/gnu arm embedded toolchain/10 2021.10/bin/../lib/gcc/arm-none-eabi/10.3.1/thumb/v7e-m+fp/hard/crtbegin.o
 .text          0x00000000       0x7c c:/program files (x86)/gnu arm embedded toolchain/10 2021.10/bin/../lib/gcc/arm-none-eabi/10.3.1/../../../../arm-none-eabi/lib/thumb/v7e-m+fp/hard/crt0.o
 .data          0x00000000        0x0 c:/program files (x86)/gnu arm embedded toolchain/10 2021.10/bin/../lib/gcc/arm-none-eabi/10.3.1/../../../../arm-none-eabi/lib/thumb/v7e-m+fp/hard/crt0.o
 .bss           0x00000000        0x0 c:/program files (x86)/gnu arm embedded toolchain/10 2021.10/bin/../lib/gcc/arm-none-eabi/10.3.1/../../../../arm-none-eabi/lib/thumb/v7e-m+fp/hard/crt0.o
 .ARM.extab     0x00000000        0x0 c:/program files (x86)/gnu arm embedded toolchain/10 2021.10/bin/../lib/gcc/arm-none-eabi/10.3.1/../../../../arm-none-eabi/lib/thumb/v7e-m+fp/hard/crt0.o
[...]
Memory Configuration

Name             Origin             Length             Attributes
RAM              0x20000000         0x00020000         xrw
FLASH            0x08000000         0x00080000         xr
*default*        0x00000000         0xffffffff

Linker script and memory map

LOAD c:/program files (x86)/gnu arm embedded toolchain/10 2021.10/bin/../lib/gcc/arm-none-eabi/10.3.1/thumb/v7e-m+fp/hard/crti.o
LOAD c:/program files (x86)/gnu arm embedded toolchain/10 2021.10/bin/../lib/gcc/arm-none-eabi/10.3.1/thumb/v7e-m+fp/hard/crtbegin.o
LOAD c:/program files (x86)/gnu arm embedded toolchain/10 2021.10/bin/../lib/gcc/arm-none-eabi/10.3.1/../../../../arm-none-eabi/lib/thumb/v7e-m+fp/hard/crt0.o
LOAD build/main.o
LOAD build/gpio.o
LOAD build/freertos.o
LOAD build/adc.o
LOAD build/tim.o
LOAD build/usart.o
LOAD build/stm32f4xx_it.o
LOAD build/stm32f4xx_hal_msp.o
LOAD build/stm32f4xx_hal_timebase_tim.o
LOAD build/stm32f4xx_hal_adc.o
LOAD build/stm32f4xx_hal_adc_ex.o
LOAD build/stm32f4xx_ll_adc.o
LOAD build/stm32f4xx_hal_rcc.o
LOAD build/stm32f4xx_hal_rcc_ex.o
LOAD build/stm32f4xx_hal_flash.o
LOAD build/stm32f4xx_hal_flash_ex.o
LOAD build/stm32f4xx_hal_flash_ramfunc.o
LOAD build/stm32f4xx_hal_gpio.o
LOAD build/stm32f4xx_hal_dma_ex.o
LOAD build/stm32f4xx_hal_dma.o
LOAD build/stm32f4xx_hal_pwr.o
LOAD build/stm32f4xx_hal_pwr_ex.o
LOAD build/stm32f4xx_hal_cortex.o
LOAD build/stm32f4xx_hal.o
LOAD build/stm32f4xx_hal_exti.o
LOAD build/stm32f4xx_hal_tim.o
LOAD build/stm32f4xx_hal_tim_ex.o
LOAD build/stm32f4xx_hal_uart.o
LOAD build/system_stm32f4xx.o
LOAD build/croutine.o
LOAD build/event_groups.o
LOAD build/list.o
LOAD build/queue.o
LOAD build/stream_buffer.o
LOAD build/tasks.o
LOAD build/timers.o
LOAD build/cmsis_os.o
LOAD build/heap_4.o
LOAD build/port.o
LOAD build/startup_stm32f411xe.o
LOAD c:/program files (x86)/gnu arm embedded toolchain/10 2021.10/bin/../lib/gcc/arm-none-eabi/10.3.1/../../../../arm-none-eabi/lib/thumb/v7e-m+fp/hard\libc_nano.a
LOAD c:/program files (x86)/gnu arm embedded toolchain/10 2021.10/bin/../lib/gcc/arm-none-eabi/10.3.1/../../../../arm-none-eabi/lib/thumb/v7e-m+fp/hard\libm.a
LOAD c:/program files (x86)/gnu arm embedded toolchain/10 2021.10/bin/../lib/gcc/arm-none-eabi/10.3.1/../../../../arm-none-eabi/lib/thumb/v7e-m+fp/hard\libnosys.a
START GROUP
LOAD c:/program files (x86)/gnu arm embedded toolchain/10 2021.10/bin/../lib/gcc/arm-none-eabi/10.3.1/thumb/v7e-m+fp/hard\libgcc.a
LOAD c:/program files (x86)/gnu arm embedded toolchain/10 2021.10/bin/../lib/gcc/arm-none-eabi/10.3.1/../../../../arm-none-eabi/lib/thumb/v7e-m+fp/hard\libc_nano.a
END GROUP
START GROUP
LOAD c:/program files (x86)/gnu arm embedded toolchain/10 2021.10/bin/../lib/gcc/arm-none-eabi/10.3.1/thumb/v7e-m+fp/hard\libgcc.a
LOAD c:/program files (x86)/gnu arm embedded toolchain/10 2021.10/bin/../lib/gcc/arm-none-eabi/10.3.1/../../../../arm-none-eabi/lib/thumb/v7e-m+fp/hard\libc_nano.a
END GROUP
LOAD c:/program files (x86)/gnu arm embedded toolchain/10 2021.10/bin/../lib/gcc/arm-none-eabi/10.3.1/thumb/v7e-m+fp/hard/crtend.o
LOAD c:/program files (x86)/gnu arm embedded toolchain/10 2021.10/bin/../lib/gcc/arm-none-eabi/10.3.1/thumb/v7e-m+fp/hard/crtn.o
                0x20020000                _estack = (ORIGIN (RAM) + LENGTH (RAM))
                0x00000200                _Min_Heap_Size = 0x200
                0x00000400                _Min_Stack_Size = 0x400

.isr_vector     0x08000000      0x198
                0x08000000                . = ALIGN (0x4)
 *(.isr_vector)
 .isr_vector    0x08000000      0x198 build/startup_stm32f411xe.o
                0x08000000                g_pfnVectors
                0x08000198                . = ALIGN (0x4)

.text           0x080001a0     0x3dc0
                0x080001a0                . = ALIGN (0x4)
 *(.text)
 .text          0x080001a0       0x40 c:/program files (x86)/gnu arm embedded toolchain/10 2021.10/bin/../lib/gcc/arm-none-eabi/10.3.1/thumb/v7e-m+fp/hard/crtbegin.o
 .text          0x080001e0       0x10 c:/program files (x86)/gnu arm embedded toolchain/10 2021.10/bin/../lib/gcc/arm-none-eabi/10.3.1/../../../../arm-none-eabi/lib/thumb/v7e-m+fp/hard\libc_nano.a(lib_a-strlen.o)
                0x080001e0                strlen
 .text          0x080001f0       0x30 c:/program files (x86)/gnu arm embedded toolchain/10 2021.10/bin/../lib/gcc/arm-none-eabi/10.3.1/thumb/v7e-m+fp/hard\libgcc.a(_aeabi_uldivmod.o)
                0x080001f0                __aeabi_uldivmod
 .text          0x08000220      0x2d0 c:/program files (x86)/gnu arm embedded toolchain/10 2021.10/bin/../lib/gcc/arm-none-eabi/10.3.1/thumb/v7e-m+fp/hard\libgcc.a(_udivmoddi4.o)
                0x08000220                __udivmoddi4
 .text          0x080004f0        0x4 c:/program files (x86)/gnu arm embedded toolchain/10 2021.10/bin/../lib/gcc/arm-none-eabi/10.3.1/thumb/v7e-m+fp/hard\libgcc.a(_dvmd_tls.o)
                0x080004f0                __aeabi_idiv0
                0x080004f0                __aeabi_ldiv0
 *(.text*)
 .text.HAL_TIM_PeriodElapsedCallback
                0x080004f4       0x18 build/main.o
                0x080004f4                HAL_TIM_PeriodElapsedCallback
 .text.Error_Handler
                0x0800050c        0x4 build/main.o
                0x0800050c                Error_Handler
 .text.SystemClock_Config
                0x08000510       0x88 build/main.o
                0x08000510                SystemClock_Config
 .text.main     0x08000598       0x24 build/main.o
                0x08000598                main
 .text.MX_GPIO_Init
                0x080005bc       0xe4 build/gpio.o
                0x080005bc                MX_GPIO_Init
 .text.measure  0x080006a0       0x4c build/freertos.o
                0x080006a0                measure
 .text.ExStartDriveTask
                0x080006ec       0x14 build/freertos.o
                0x080006ec                ExStartDriveTask
 .text.StartDriveTask
                0x08000700        0x6 build/freertos.o
                0x08000700                StartDriveTask
 *fill*         0x08000706        0x2 
 .text.ExStartCommTask
                0x08000708       0x54 build/freertos.o
                0x08000708                ExStartCommTask
 .text.StartCommTask
                0x0800075c        0x6 build/freertos.o
                0x0800075c                StartCommTask
 *fill*         0x08000762        0x2 
 .text.vApplicationGetIdleTaskMemory
                0x08000764       0x18 build/freertos.o
                0x08000764                vApplicationGetIdleTaskMemory
 .text.MX_FREERTOS_Init
                0x0800077c       0x70 build/freertos.o
                0x0800077c                MX_FREERTOS_Init
 .text.MX_ADC1_Init
                0x080007ec      0x154 build/adc.o
                0x080007ec                MX_ADC1_Init
 .text.HAL_ADC_MspInit
                0x08000940       0x8c build/adc.o
                0x08000940                HAL_ADC_MspInit
 .text.HAL_TIM_PWM_MspInit
                0x080009cc       0x40 build/tim.o
                0x080009cc                HAL_TIM_PWM_MspInit
 .text.HAL_TIM_MspPostInit
                0x08000a0c       0x58 build/tim.o
                0x08000a0c                HAL_TIM_MspPostInit
 .text.MX_TIM4_Init
                0x08000a64       0x94 build/tim.o
                0x08000a64                MX_TIM4_Init
 .text.MX_USART6_UART_Init
                0x08000af8       0x34 build/usart.o
                0x08000af8                MX_USART6_UART_Init
 .text.HAL_UART_MspInit
                0x08000b2c       0x80 build/usart.o
                0x08000b2c                HAL_UART_MspInit
 .text.NMI_Handler
                0x08000bac        0x2 build/stm32f4xx_it.o
                0x08000bac                NMI_Handler
 .text.HardFault_Handler
                0x08000bae        0x2 build/stm32f4xx_it.o
                0x08000bae                HardFault_Handler
 .text.MemManage_Handler
                0x08000bb0        0x2 build/stm32f4xx_it.o
                0x08000bb0                MemManage_Handler
 .text.BusFault_Handler
                0x08000bb2        0x2 build/stm32f4xx_it.o
                0x08000bb2                BusFault_Handler
 .text.UsageFault_Handler
                0x08000bb4        0x2 build/stm32f4xx_it.o
                0x08000bb4                UsageFault_Handler
 .text.DebugMon_Handler
                0x08000bb6        0x2 build/stm32f4xx_it.o
                0x08000bb6                DebugMon_Handler
 .text.TIM1_UP_TIM10_IRQHandler
                0x08000bb8       0x10 build/stm32f4xx_it.o
                0x08000bb8                TIM1_UP_TIM10_IRQHandler
 .text.TIM4_IRQHandler
                0x08000bc8       0x10 build/stm32f4xx_it.o
                0x08000bc8                TIM4_IRQHandler
 .text.USART6_IRQHandler
                0x08000bd8       0x10 build/stm32f4xx_it.o
                0x08000bd8                USART6_IRQHandler
 .text.HAL_MspInit
                0x08000be8       0x44 build/stm32f4xx_hal_msp.o
                0x08000be8                HAL_MspInit
 .text.HAL_InitTick
                0x08000c2c       0x98 build/stm32f4xx_hal_timebase_tim.o
                0x08000c2c                HAL_InitTick
 .text.ADC_Init
                0x08000cc4      0x134 build/stm32f4xx_hal_adc.o
 .text.HAL_ADC_Init
                0x08000df8       0x56 build/stm32f4xx_hal_adc.o
                0x08000df8                HAL_ADC_Init
 *fill*         0x08000e4e        0x2 
 .text.HAL_ADC_Start
                0x08000e50      0x108 build/stm32f4xx_hal_adc.o
                0x08000e50                HAL_ADC_Start
 .text.HAL_ADC_PollForConversion
                0x08000f58       0xb8 build/stm32f4xx_hal_adc.o
                0x08000f58                HAL_ADC_PollForConversion
 .text.HAL_ADC_GetValue
                0x08001010        0x6 build/stm32f4xx_hal_adc.o
                0x08001010                HAL_ADC_GetValue
 *fill*         0x08001016        0x2 
 .text.HAL_ADC_ConfigChannel
                0x08001018      0x1ac build/stm32f4xx_hal_adc.o
                0x08001018                HAL_ADC_ConfigChannel
 .text.HAL_RCC_OscConfig
                0x080011c4      0x3f8 build/stm32f4xx_hal_rcc.o
                0x080011c4                HAL_RCC_OscConfig
 .text.HAL_RCC_GetSysClockFreq
                0x080015bc       0xa8 build/stm32f4xx_hal_rcc.o
                0x080015bc                HAL_RCC_GetSysClockFreq
 .text.HAL_RCC_ClockConfig
                0x08001664      0x160 build/stm32f4xx_hal_rcc.o
                0x08001664                HAL_RCC_ClockConfig
 .text.HAL_RCC_GetHCLKFreq
                0x080017c4        0xc build/stm32f4xx_hal_rcc.o
                0x080017c4                HAL_RCC_GetHCLKFreq
 .text.HAL_RCC_GetPCLK1Freq
                0x080017d0       0x20 build/stm32f4xx_hal_rcc.o
                0x080017d0                HAL_RCC_GetPCLK1Freq
 .text.HAL_RCC_GetPCLK2Freq
                0x080017f0       0x20 build/stm32f4xx_hal_rcc.o
                0x080017f0                HAL_RCC_GetPCLK2Freq
 .text.HAL_RCC_GetClockConfig
                0x08001810       0x3c build/stm32f4xx_hal_rcc.o
                0x08001810                HAL_RCC_GetClockConfig
 .text.HAL_GPIO_Init
                0x0800184c      0x1c0 build/stm32f4xx_hal_gpio.o
                0x0800184c                HAL_GPIO_Init
 .text.HAL_GPIO_WritePin
                0x08001a0c        0xc build/stm32f4xx_hal_gpio.o
                0x08001a0c                HAL_GPIO_WritePin
 .text.HAL_DMA_Abort
                0x08001a18       0x94 build/stm32f4xx_hal_dma.o
                0x08001a18                HAL_DMA_Abort
 .text.HAL_DMA_Abort_IT
                0x08001aac       0x26 build/stm32f4xx_hal_dma.o
                0x08001aac                HAL_DMA_Abort_IT
 *fill*         0x08001ad2        0x2 
 .text.HAL_NVIC_SetPriorityGrouping
                0x08001ad4       0x24 build/stm32f4xx_hal_cortex.o
                0x08001ad4                HAL_NVIC_SetPriorityGrouping
 .text.HAL_NVIC_SetPriority
                0x08001af8       0x70 build/stm32f4xx_hal_cortex.o
                0x08001af8                HAL_NVIC_SetPriority
 .text.HAL_NVIC_EnableIRQ
                0x08001b68       0x1c build/stm32f4xx_hal_cortex.o
                0x08001b68                HAL_NVIC_EnableIRQ
 .text.HAL_Init
                0x08001b84       0x34 build/stm32f4xx_hal.o
                0x08001b84                HAL_Init
 .text.HAL_IncTick
                0x08001bb8       0x18 build/stm32f4xx_hal.o
                0x08001bb8                HAL_IncTick
 .text.HAL_GetTick
                0x08001bd0        0xc build/stm32f4xx_hal.o
                0x08001bd0                HAL_GetTick
 .text.TIM_OC1_SetConfig
                0x08001bdc       0x5c build/stm32f4xx_hal_tim.o
 .text.TIM_OC3_SetConfig
                0x08001c38       0x64 build/stm32f4xx_hal_tim.o
 .text.TIM_OC4_SetConfig
                0x08001c9c       0x48 build/stm32f4xx_hal_tim.o
 .text.HAL_TIM_Base_MspInit
                0x08001ce4        0x2 build/stm32f4xx_hal_tim.o
                0x08001ce4                HAL_TIM_Base_MspInit
 *fill*         0x08001ce6        0x2 
 .text.HAL_TIM_Base_Start_IT
                0x08001ce8       0x78 build/stm32f4xx_hal_tim.o
                0x08001ce8                HAL_TIM_Base_Start_IT
 .text.HAL_TIM_OC_DelayElapsedCallback
                0x08001d60        0x2 build/stm32f4xx_hal_tim.o
                0x08001d60                HAL_TIM_OC_DelayElapsedCallback
 .text.HAL_TIM_IC_CaptureCallback
                0x08001d62        0x2 build/stm32f4xx_hal_tim.o
                0x08001d62                HAL_TIM_IC_CaptureCallback
 .text.HAL_TIM_PWM_PulseFinishedCallback
                0x08001d64        0x2 build/stm32f4xx_hal_tim.o
                0x08001d64                HAL_TIM_PWM_PulseFinishedCallback
 .text.HAL_TIM_TriggerCallback
                0x08001d66        0x2 build/stm32f4xx_hal_tim.o
                0x08001d66                HAL_TIM_TriggerCallback
 .text.HAL_TIM_IRQHandler
                0x08001d68      0x17a build/stm32f4xx_hal_tim.o
                0x08001d68                HAL_TIM_IRQHandler
 *fill*         0x08001ee2        0x2 
 .text.TIM_Base_SetConfig
                0x08001ee4       0x9c build/stm32f4xx_hal_tim.o
                0x08001ee4                TIM_Base_SetConfig
 .text.HAL_TIM_Base_Init
                0x08001f80       0x58 build/stm32f4xx_hal_tim.o
                0x08001f80                HAL_TIM_Base_Init
 .text.HAL_TIM_PWM_Init
                0x08001fd8       0x58 build/stm32f4xx_hal_tim.o
                0x08001fd8                HAL_TIM_PWM_Init
 .text.TIM_OC2_SetConfig
                0x08002030       0x64 build/stm32f4xx_hal_tim.o
                0x08002030                TIM_OC2_SetConfig
 .text.HAL_TIM_PWM_ConfigChannel
                0x08002094       0xdc build/stm32f4xx_hal_tim.o
                0x08002094                HAL_TIM_PWM_ConfigChannel
 .text.HAL_TIMEx_MasterConfigSynchronization
                0x08002170       0x7c build/stm32f4xx_hal_tim_ex.o
                0x08002170                HAL_TIMEx_MasterConfigSynchronization
 .text.HAL_TIMEx_CommutCallback
                0x080021ec        0x2 build/stm32f4xx_hal_tim_ex.o
                0x080021ec                HAL_TIMEx_CommutCallback
 .text.HAL_TIMEx_BreakCallback
                0x080021ee        0x2 build/stm32f4xx_hal_tim_ex.o
                0x080021ee                HAL_TIMEx_BreakCallback
 .text.UART_EndRxTransfer
                0x080021f0       0x5c build/stm32f4xx_hal_uart.o
 .text.UART_Transmit_IT
                0x0800224c       0x60 build/stm32f4xx_hal_uart.o
 .text.UART_SetConfig
                0x080022ac      0x110 build/stm32f4xx_hal_uart.o
 .text.UART_WaitOnFlagUntilTimeout
                0x080023bc       0x88 build/stm32f4xx_hal_uart.o
 .text.HAL_UART_Init
                0x08002444       0x5e build/stm32f4xx_hal_uart.o
                0x08002444                HAL_UART_Init
 .text.HAL_UART_Transmit
                0x080024a2       0xd8 build/stm32f4xx_hal_uart.o
                0x080024a2                HAL_UART_Transmit
 .text.HAL_UART_Receive
                0x0800257a       0xe4 build/stm32f4xx_hal_uart.o
                0x0800257a                HAL_UART_Receive
 .text.HAL_UART_TxCpltCallback
                0x0800265e        0x2 build/stm32f4xx_hal_uart.o
                0x0800265e                HAL_UART_TxCpltCallback
 .text.UART_EndTransmit_IT
                0x08002660       0x1a build/stm32f4xx_hal_uart.o
 .text.HAL_UART_RxCpltCallback
                0x0800267a        0x2 build/stm32f4xx_hal_uart.o
                0x0800267a                HAL_UART_RxCpltCallback
 .text.HAL_UART_ErrorCallback
                0x0800267c        0x2 build/stm32f4xx_hal_uart.o
                0x0800267c                HAL_UART_ErrorCallback
 .text.UART_DMAAbortOnError
                0x0800267e       0x10 build/stm32f4xx_hal_uart.o
 .text.HAL_UARTEx_RxEventCallback
                0x0800268e        0x2 build/stm32f4xx_hal_uart.o
                0x0800268e                HAL_UARTEx_RxEventCallback
 .text.UART_Receive_IT
                0x08002690       0xe2 build/stm32f4xx_hal_uart.o
 *fill*         0x08002772        0x2 
 .text.HAL_UART_IRQHandler
                0x08002774      0x280 build/stm32f4xx_hal_uart.o
                0x08002774                HAL_UART_IRQHandler
 .text.SystemInit
                0x080029f4       0x14 build/system_stm32f4xx.o
                0x080029f4                SystemInit
 .text.vListInitialise
                0x08002a08       0x16 build/list.o
                0x08002a08                vListInitialise
 .text.vListInitialiseItem
                0x08002a1e        0x6 build/list.o
                0x08002a1e                vListInitialiseItem
 .text.vListInsertEnd
                0x08002a24       0x16 build/list.o
                0x08002a24                vListInsertEnd
 .text.vListInsert
                0x08002a3a       0x32 build/list.o
                0x08002a3a                vListInsert
 .text.uxListRemove
                0x08002a6c       0x26 build/list.o
                0x08002a6c                uxListRemove
 .text.prvIsQueueFull
                0x08002a92       0x1e build/queue.o
 .text.prvCopyDataToQueue
                0x08002ab0       0x76 build/queue.o
 .text.prvUnlockQueue
                0x08002b26       0x6e build/queue.o
 .text.xQueueGenericReset
                0x08002b94       0x84 build/queue.o
                0x08002b94                xQueueGenericReset
 .text.prvInitialiseNewQueue
                0x08002c18       0x1c build/queue.o
 .text.xQueueGenericCreateStatic
                0x08002c34       0x94 build/queue.o
                0x08002c34                xQueueGenericCreateStatic
 .text.xQueueGenericCreate
                0x08002cc8       0x48 build/queue.o
                0x08002cc8                xQueueGenericCreate
 .text.xQueueGenericSend
                0x08002d10      0x188 build/queue.o
                0x08002d10                xQueueGenericSend
 .text.prvResetNextTaskUnblockTime
                0x08002e98       0x2c build/tasks.o
 .text.prvInitialiseNewTask
                0x08002ec4       0xa2 build/tasks.o
 *fill*         0x08002f66        0x2 
 .text.prvInitialiseTaskLists
                0x08002f68       0x68 build/tasks.o
 .text.prvAddNewTaskToReadyList
                0x08002fd0       0xa8 build/tasks.o
 .text.prvDeleteTCB
                0x08003078       0x38 build/tasks.o
 .text.prvCheckTasksWaitingTermination
                0x080030b0       0x4c build/tasks.o
 .text.prvIdleTask
                0x080030fc       0x28 build/tasks.o
 .text.prvAddCurrentTaskToDelayedList
                0x08003124       0x98 build/tasks.o
 .text.xTaskCreateStatic
                0x080031bc       0x76 build/tasks.o
                0x080031bc                xTaskCreateStatic
 .text.xTaskCreate
                0x08003232       0x68 build/tasks.o
                0x08003232                xTaskCreate
 *fill*         0x0800329a        0x2 
 .text.vTaskStartScheduler
                0x0800329c       0x74 build/tasks.o
                0x0800329c                vTaskStartScheduler
 .text.vTaskSuspendAll
                0x08003310       0x10 build/tasks.o
                0x08003310                vTaskSuspendAll
 .text.xTaskIncrementTick
                0x08003320      0x118 build/tasks.o
                0x08003320                xTaskIncrementTick
 .text.xTaskResumeAll
                0x08003438       0xf8 build/tasks.o
                0x08003438                xTaskResumeAll
 .text.vTaskDelay
                0x08003530       0x4c build/tasks.o
                0x08003530                vTaskDelay
 .text.vTaskSwitchContext
                0x0800357c       0x98 build/tasks.o
                0x0800357c                vTaskSwitchContext
 .text.vTaskPlaceOnEventList
                0x08003614       0x30 build/tasks.o
                0x08003614                vTaskPlaceOnEventList
 .text.xTaskRemoveFromEventList
                0x08003644       0x8c build/tasks.o
                0x08003644                xTaskRemoveFromEventList
 .text.vTaskInternalSetTimeOutState
                0x080036d0       0x18 build/tasks.o
                0x080036d0                vTaskInternalSetTimeOutState
 .text.xTaskCheckForTimeOut
                0x080036e8       0x84 build/tasks.o
                0x080036e8                xTaskCheckForTimeOut
 .text.vTaskMissedYield
                0x0800376c        0xc build/tasks.o
                0x0800376c                vTaskMissedYield
 .text.xTaskGetSchedulerState
                0x08003778       0x20 build/tasks.o
                0x08003778                xTaskGetSchedulerState
 .text.xTaskPriorityDisinherit
                0x08003798       0xb4 build/tasks.o
                0x08003798                xTaskPriorityDisinherit
 .text.makeFreeRtosPriority
                0x0800384c        0xc build/cmsis_os.o
 .text.osKernelStart
                0x08003858        0xa build/cmsis_os.o
                0x08003858                osKernelStart
 .text.osThreadCreate
                0x08003862       0x6a build/cmsis_os.o
                0x08003862                osThreadCreate
 .text.osDelay  0x080038cc        0xe build/cmsis_os.o
                0x080038cc                osDelay
 .text.osSemaphoreCreate
                0x080038da       0x48 build/cmsis_os.o
                0x080038da                osSemaphoreCreate
 *fill*         0x08003922        0x2 
 .text.prvHeapInit
                0x08003924       0x64 build/heap_4.o
 .text.prvInsertBlockIntoFreeList
                0x08003988       0x64 build/heap_4.o
 .text.pvPortMalloc
                0x080039ec       0xfc build/heap_4.o
                0x080039ec                pvPortMalloc
 .text.vPortFree
                0x08003ae8       0x7c build/heap_4.o
                0x08003ae8                vPortFree
 .text.prvTaskExitError
                0x08003b64       0x40 build/port.o
 .text.prvPortStartFirstTask
                0x08003ba4       0x28 build/port.o
 .text.vPortEnableVFP
                0x08003bcc       0x14 build/port.o
 .text.pxPortInitialiseStack
                0x08003be0       0x2c build/port.o
                0x08003be0                pxPortInitialiseStack
 *fill*         0x08003c0c        0x4 
 .text.SVC_Handler
                0x08003c10       0x24 build/port.o
                0x08003c10                SVC_Handler
 .text.vPortEnterCritical
                0x08003c34       0x44 build/port.o
                0x08003c34                vPortEnterCritical
 .text.vPortExitCritical
                0x08003c78       0x2c build/port.o
                0x08003c78                vPortExitCritical
 *fill*         0x08003ca4        0xc 
 .text.PendSV_Handler
                0x08003cb0       0x64 build/port.o
                0x08003cb0                PendSV_Handler
 .text.SysTick_Handler
                0x08003d14       0x2c build/port.o
                0x08003d14                SysTick_Handler
 .text.vPortSetupTimerInterrupt
                0x08003d40       0x28 build/port.o
                0x08003d40                vPortSetupTimerInterrupt
 .text.xPortStartScheduler
                0x08003d68      0x118 build/port.o
                0x08003d68                xPortStartScheduler
 .text.Reset_Handler
                0x08003e80       0x50 build/startup_stm32f411xe.o
                0x08003e80                Reset_Handler
 .text.Default_Handler
                0x08003ed0        0x2 build/startup_stm32f411xe.o
                0x08003ed0                RTC_Alarm_IRQHandler
                0x08003ed0                EXTI2_IRQHandler
                0x08003ed0                SPI4_IRQHandler
                0x08003ed0                TIM1_CC_IRQHandler
                0x08003ed0                DMA2_Stream5_IRQHandler
                0x08003ed0                DMA1_Stream5_IRQHandler
                0x08003ed0                PVD_IRQHandler
                0x08003ed0                SDIO_IRQHandler
                0x08003ed0                TAMP_STAMP_IRQHandler
                0x08003ed0                EXTI3_IRQHandler
                0x08003ed0                I2C3_ER_IRQHandler
                0x08003ed0                EXTI0_IRQHandler
                0x08003ed0                I2C2_EV_IRQHandler
                0x08003ed0                DMA1_Stream2_IRQHandler
                0x08003ed0                FPU_IRQHandler
                0x08003ed0                DMA2_Stream2_IRQHandler
                0x08003ed0                SPI1_IRQHandler
                0x08003ed0                TIM1_BRK_TIM9_IRQHandler
                0x08003ed0                DMA2_Stream3_IRQHandler
                0x08003ed0                DMA2_Stream0_IRQHandler
                0x08003ed0                I2C1_EV_IRQHandler
                0x08003ed0                DMA1_Stream6_IRQHandler
                0x08003ed0                DMA1_Stream1_IRQHandler
                0x08003ed0                TIM3_IRQHandler
                0x08003ed0                RCC_IRQHandler
                0x08003ed0                Default_Handler
                0x08003ed0                EXTI15_10_IRQHandler
                0x08003ed0                ADC_IRQHandler
                0x08003ed0                DMA1_Stream7_IRQHandler
                0x08003ed0                SPI5_IRQHandler
                0x08003ed0                TIM5_IRQHandler
                0x08003ed0                DMA2_Stream7_IRQHandler
                0x08003ed0                I2C3_EV_IRQHandler
                0x08003ed0                EXTI9_5_IRQHandler
                0x08003ed0                RTC_WKUP_IRQHandler
                0x08003ed0                SPI2_IRQHandler
                0x08003ed0                DMA1_Stream0_IRQHandler
                0x08003ed0                EXTI4_IRQHandler
                0x08003ed0                WWDG_IRQHandler
                0x08003ed0                TIM2_IRQHandler
                0x08003ed0                OTG_FS_WKUP_IRQHandler
                0x08003ed0                TIM1_TRG_COM_TIM11_IRQHandler
                0x08003ed0                EXTI1_IRQHandler
                0x08003ed0                USART2_IRQHandler
                0x08003ed0                I2C2_ER_IRQHandler
                0x08003ed0                DMA2_Stream1_IRQHandler
                0x08003ed0                FLASH_IRQHandler
                0x08003ed0                DMA2_Stream4_IRQHandler
                0x08003ed0                USART1_IRQHandler
                0x08003ed0                OTG_FS_IRQHandler
                0x08003ed0                SPI3_IRQHandler
                0x08003ed0                DMA1_Stream4_IRQHandler
                0x08003ed0                I2C1_ER_IRQHandler
                0x08003ed0                DMA2_Stream6_IRQHandler
                0x08003ed0                DMA1_Stream3_IRQHandler
 *fill*         0x08003ed2        0x2 
 .text.__libc_init_array
                0x08003ed4       0x48 c:/program files (x86)/gnu arm embedded toolchain/10 2021.10/bin/../lib/gcc/arm-none-eabi/10.3.1/../../../../arm-none-eabi/lib/thumb/v7e-m+fp/hard\libc_nano.a(lib_a-init.o)
                0x08003ed4                __libc_init_array
 .text.memcpy   0x08003f1c       0x1c c:/program files (x86)/gnu arm embedded toolchain/10 2021.10/bin/../lib/gcc/arm-none-eabi/10.3.1/../../../../arm-none-eabi/lib/thumb/v7e-m+fp/hard\libc_nano.a(lib_a-memcpy-stub.o)
                0x08003f1c                memcpy
 .text.memset   0x08003f38       0x10 c:/program files (x86)/gnu arm embedded toolchain/10 2021.10/bin/../lib/gcc/arm-none-eabi/10.3.1/../../../../arm-none-eabi/lib/thumb/v7e-m+fp/hard\libc_nano.a(lib_a-memset.o)
                0x08003f38                memset
 *(.glue_7)
 .glue_7        0x08003f48        0x0 linker stubs
 *(.glue_7t)
 .glue_7t       0x08003f48        0x0 linker stubs
 *(.eh_frame)
 .eh_frame      0x08003f48        0x0 c:/program files (x86)/gnu arm embedded toolchain/10 2021.10/bin/../lib/gcc/arm-none-eabi/10.3.1/thumb/v7e-m+fp/hard/crtbegin.o
 *(.init)
 .init          0x08003f48        0x4 c:/program files (x86)/gnu arm embedded toolchain/10 2021.10/bin/../lib/gcc/arm-none-eabi/10.3.1/thumb/v7e-m+fp/hard/crti.o
                0x08003f48                _init
 .init          0x08003f4c        0x8 c:/program files (x86)/gnu arm embedded toolchain/10 2021.10/bin/../lib/gcc/arm-none-eabi/10.3.1/thumb/v7e-m+fp/hard/crtn.o
 *(.fini)
 .fini          0x08003f54        0x4 c:/program files (x86)/gnu arm embedded toolchain/10 2021.10/bin/../lib/gcc/arm-none-eabi/10.3.1/thumb/v7e-m+fp/hard/crti.o
                0x08003f54                _fini
 .fini          0x08003f58        0x8 c:/program files (x86)/gnu arm embedded toolchain/10 2021.10/bin/../lib/gcc/arm-none-eabi/10.3.1/thumb/v7e-m+fp/hard/crtn.o
                0x08003f60                . = ALIGN (0x4)
                0x08003f60                _etext = .

.vfp11_veneer   0x08003f60        0x0
 .vfp11_veneer  0x08003f60        0x0 linker stubs

.v4_bx          0x08003f60        0x0
 .v4_bx         0x08003f60        0x0 linker stubs

.iplt           0x08003f60        0x0
 .iplt          0x08003f60        0x0 c:/program files (x86)/gnu arm embedded toolchain/10 2021.10/bin/../lib/gcc/arm-none-eabi/10.3.1/thumb/v7e-m+fp/hard/crtbegin.o

.rodata         0x08003f60       0x78
                0x08003f60                . = ALIGN (0x4)
 *(.rodata)
 .rodata        0x08003f60       0x38 build/freertos.o
 *(.rodata*)
 .rodata.str1.4
                0x08003f98       0x1d build/freertos.o
 *fill*         0x08003fb5        0x3 
 .rodata.APBPrescTable
                0x08003fb8        0x8 build/system_stm32f4xx.o
                0x08003fb8                APBPrescTable
 .rodata.AHBPrescTable
                0x08003fc0       0x10 build/system_stm32f4xx.o
                0x08003fc0                AHBPrescTable
 .rodata.vTaskStartScheduler.str1.4
                0x08003fd0        0x5 build/tasks.o
                0x08003fd8                . = ALIGN (0x4)
 *fill*         0x08003fd5        0x3 

.ARM.extab
 *(.ARM.extab* .gnu.linkonce.armextab.*)

.ARM            0x08003fd8        0x8
                0x08003fd8                __exidx_start = .
 *(.ARM.exidx*)
 .ARM.exidx     0x08003fd8        0x8 c:/program files (x86)/gnu arm embedded toolchain/10 2021.10/bin/../lib/gcc/arm-none-eabi/10.3.1/thumb/v7e-m+fp/hard\libgcc.a(_udivmoddi4.o)
                0x08003fe0                __exidx_end = .

.rel.dyn        0x08003fe0        0x0
 .rel.iplt      0x08003fe0        0x0 c:/program files (x86)/gnu arm embedded toolchain/10 2021.10/bin/../lib/gcc/arm-none-eabi/10.3.1/thumb/v7e-m+fp/hard/crtbegin.o

.preinit_array  0x08003fe0        0x0
                0x08003fe0                PROVIDE (__preinit_array_start = .)
 *(.preinit_array*)
                0x08003fe0                PROVIDE (__preinit_array_end = .)

.init_array     0x08003fe0        0x4
                0x08003fe0                PROVIDE (__init_array_start = .)
 *(SORT_BY_NAME(.init_array.*))
 *(.init_array*)
 .init_array    0x08003fe0        0x4 c:/program files (x86)/gnu arm embedded toolchain/10 2021.10/bin/../lib/gcc/arm-none-eabi/10.3.1/thumb/v7e-m+fp/hard/crtbegin.o
                0x08003fe4                PROVIDE (__init_array_end = .)

.fini_array     0x08003fe4        0x4
                [!provide]                PROVIDE (__fini_array_start = .)
 *(SORT_BY_NAME(.fini_array.*))
 *(.fini_array*)
 .fini_array    0x08003fe4        0x4 c:/program files (x86)/gnu arm embedded toolchain/10 2021.10/bin/../lib/gcc/arm-none-eabi/10.3.1/thumb/v7e-m+fp/hard/crtbegin.o
                [!provide]                PROVIDE (__fini_array_end = .)
                0x08003fe8                _sidata = LOADADDR (.data)

.data           0x20000000       0x14 load address 0x08003fe8
                0x20000000                . = ALIGN (0x4)
                0x20000000                _sdata = .
 *(.data)
 *(.data*)
 .data.data     0x20000000        0x4 build/freertos.o
                0x20000000                data
 .data.uwTickFreq
                0x20000004        0x1 build/stm32f4xx_hal.o
                0x20000004                uwTickFreq
 *fill*         0x20000005        0x3 
 .data.uwTickPrio
                0x20000008        0x4 build/stm32f4xx_hal.o
                0x20000008                uwTickPrio
 .data.SystemCoreClock
                0x2000000c        0x4 build/system_stm32f4xx.o
                0x2000000c                SystemCoreClock
 .data.uxCriticalNesting
                0x20000010        0x4 build/port.o
                0x20000014                . = ALIGN (0x4)
                0x20000014                _edata = .

.igot.plt       0x20000014        0x0 load address 0x08003ffc
 .igot.plt      0x20000014        0x0 c:/program files (x86)/gnu arm embedded toolchain/10 2021.10/bin/../lib/gcc/arm-none-eabi/10.3.1/thumb/v7e-m+fp/hard/crtbegin.o
                0x20000014                . = ALIGN (0x4)

.bss            0x20000014     0x4100 load address 0x08003ffc
                0x20000014                _sbss = .
                0x20000014                __bss_start__ = _sbss
 *(.bss)
 .bss           0x20000014       0x1c c:/program files (x86)/gnu arm embedded toolchain/10 2021.10/bin/../lib/gcc/arm-none-eabi/10.3.1/thumb/v7e-m+fp/hard/crtbegin.o
 *(.bss*)
 .bss.CommSemaphoreHandle
                0x20000030        0x4 build/freertos.o
                0x20000030                CommSemaphoreHandle
 .bss.commTaskHandle
                0x20000034        0x4 build/freertos.o
                0x20000034                commTaskHandle
 .bss.driveTaskHandle
                0x20000038        0x4 build/freertos.o
                0x20000038                driveTaskHandle
 .bss.isWhite   0x2000003c        0x2 build/freertos.o
                0x2000003c                isWhite
 *fill*         0x2000003e        0x2 
 .bss.readings  0x20000040        0x8 build/freertos.o
                0x20000040                readings
 .bss.test1     0x20000048        0x1 build/freertos.o
                0x20000048                test1
 .bss.test2     0x20000049        0x1 build/freertos.o
                0x20000049                test2
 *fill*         0x2000004a        0x2 
 .bss.xIdleStack
                0x2000004c      0x200 build/freertos.o
 .bss.xIdleTaskTCBBuffer
                0x2000024c       0x54 build/freertos.o
 .bss.hadc1     0x200002a0       0x48 build/adc.o
                0x200002a0                hadc1
 .bss.htim4     0x200002e8       0x48 build/tim.o
                0x200002e8                htim4
 .bss.huart6    0x20000330       0x44 build/usart.o
                0x20000330                huart6
 .bss.htim10    0x20000374       0x48 build/stm32f4xx_hal_timebase_tim.o
                0x20000374                htim10
 .bss.uwTick    0x200003bc        0x4 build/stm32f4xx_hal.o
                0x200003bc                uwTick
 .bss.pxCurrentTCB
                0x200003c0        0x4 build/tasks.o
                0x200003c0                pxCurrentTCB
 .bss.pxDelayedTaskList
                0x200003c4        0x4 build/tasks.o
 .bss.pxOverflowDelayedTaskList
                0x200003c8        0x4 build/tasks.o
 .bss.pxReadyTasksLists
                0x200003cc       0x8c build/tasks.o
 .bss.uxCurrentNumberOfTasks
                0x20000458        0x4 build/tasks.o
 .bss.uxDeletedTasksWaitingCleanUp
                0x2000045c        0x4 build/tasks.o
 .bss.uxSchedulerSuspended
                0x20000460        0x4 build/tasks.o
 .bss.uxTaskNumber
                0x20000464        0x4 build/tasks.o
 .bss.uxTopReadyPriority
                0x20000468        0x4 build/tasks.o
 .bss.xDelayedTaskList1
                0x2000046c       0x14 build/tasks.o
 .bss.xDelayedTaskList2
                0x20000480       0x14 build/tasks.o
 .bss.xIdleTaskHandle
                0x20000494        0x4 build/tasks.o
 .bss.xNextTaskUnblockTime
                0x20000498        0x4 build/tasks.o
 .bss.xNumOfOverflows
                0x2000049c        0x4 build/tasks.o
 .bss.xPendedTicks
                0x200004a0        0x4 build/tasks.o
 .bss.xPendingReadyList
                0x200004a4       0x14 build/tasks.o
 .bss.xSchedulerRunning
                0x200004b8        0x4 build/tasks.o
 .bss.xSuspendedTaskList
                0x200004bc       0x14 build/tasks.o
 .bss.xTasksWaitingTermination
                0x200004d0       0x14 build/tasks.o
 .bss.xTickCount
                0x200004e4        0x4 build/tasks.o
 .bss.xYieldPending
                0x200004e8        0x4 build/tasks.o
 .bss.pxEnd     0x200004ec        0x4 build/heap_4.o
 .bss.ucHeap    0x200004f0     0x3c00 build/heap_4.o
 .bss.xBlockAllocatedBit
                0x200040f0        0x4 build/heap_4.o
 .bss.xFreeBytesRemaining
                0x200040f4        0x4 build/heap_4.o
 .bss.xMinimumEverFreeBytesRemaining
                0x200040f8        0x4 build/heap_4.o
 .bss.xNumberOfSuccessfulAllocations
                0x200040fc        0x4 build/heap_4.o
 .bss.xNumberOfSuccessfulFrees
                0x20004100        0x4 build/heap_4.o
 .bss.xStart    0x20004104        0x8 build/heap_4.o
 .bss.ucMaxSysCallPriority
                0x2000410c        0x1 build/port.o
 *fill*         0x2000410d        0x3 
 .bss.ulMaxPRIGROUPValue
                0x20004110        0x4 build/port.o
 *(COMMON)
                0x20004114                . = ALIGN (0x4)
                0x20004114                _ebss = .
                0x20004114                __bss_end__ = _ebss

._user_heap_stack
                0x20004114      0x604 load address 0x08003ffc
                0x20004118                . = ALIGN (0x8)
 *fill*         0x20004114        0x4 
                [!provide]                PROVIDE (end = .)
                [!provide]                PROVIDE (_end = .)
                0x20004318                . = (. + _Min_Heap_Size)
 *fill*         0x20004118      0x200 
                0x20004718                . = (. + _Min_Stack_Size)
 *fill*         0x20004318      0x400 
                0x20004718                . = ALIGN (0x8)

/DISCARD/
 libc.a(*)
 libm.a(*)
 libgcc.a(*)

.ARM.attributes
                0x00000000       0x30
 *(.ARM.attributes)
 .ARM.attributes
                0x00000000       0x1e c:/program files (x86)/gnu arm embedded toolchain/10 2021.10/bin/../lib/gcc/arm-none-eabi/10.3.1/thumb/v7e-m+fp/hard/crti.o
 .ARM.attributes
                0x0000001e       0x34 c:/program files (x86)/gnu arm embedded toolchain/10 2021.10/bin/../lib/gcc/arm-none-eabi/10.3.1/thumb/v7e-m+fp/hard/crtbegin.o
 .ARM.attributes
                0x00000052       0x34 build/main.o
 .ARM.attributes
                0x00000086       0x34 build/gpio.o
 .ARM.attributes
                0x000000ba       0x34 build/freertos.o
 .ARM.attributes
                0x000000ee       0x34 build/adc.o
 .ARM.attributes
                0x00000122       0x34 build/tim.o
 .ARM.attributes
                0x00000156       0x34 build/usart.o
 .ARM.attributes
                0x0000018a       0x34 build/stm32f4xx_it.o
 .ARM.attributes
                0x000001be       0x34 build/stm32f4xx_hal_msp.o
 .ARM.attributes
                0x000001f2       0x34 build/stm32f4xx_hal_timebase_tim.o
 .ARM.attributes
                0x00000226       0x34 build/stm32f4xx_hal_adc.o
 .ARM.attributes
                0x0000025a       0x34 build/stm32f4xx_hal_rcc.o
 .ARM.attributes
                0x0000028e       0x34 build/stm32f4xx_hal_gpio.o
 .ARM.attributes
                0x000002c2       0x34 build/stm32f4xx_hal_dma.o
 .ARM.attributes
                0x000002f6       0x34 build/stm32f4xx_hal_cortex.o
 .ARM.attributes
                0x0000032a       0x34 build/stm32f4xx_hal.o
 .ARM.attributes
                0x0000035e       0x34 build/stm32f4xx_hal_tim.o
 .ARM.attributes
                0x00000392       0x34 build/stm32f4xx_hal_tim_ex.o
 .ARM.attributes
                0x000003c6       0x34 build/stm32f4xx_hal_uart.o
 .ARM.attributes
                0x000003fa       0x34 build/system_stm32f4xx.o
 .ARM.attributes
                0x0000042e       0x34 build/list.o
 .ARM.attributes
                0x00000462       0x34 build/queue.o
 .ARM.attributes
                0x00000496       0x34 build/tasks.o
 .ARM.attributes
                0x000004ca       0x34 build/cmsis_os.o
 .ARM.attributes
                0x000004fe       0x34 build/heap_4.o
 .ARM.attributes
                0x00000532       0x34 build/port.o
 .ARM.attributes
                0x00000566       0x21 build/startup_stm32f411xe.o
 .ARM.attributes
                0x00000587       0x34 c:/program files (x86)/gnu arm embedded toolchain/10 2021.10/bin/../lib/gcc/arm-none-eabi/10.3.1/../../../../arm-none-eabi/lib/thumb/v7e-m+fp/hard\libc_nano.a(lib_a-init.o)
 .ARM.attributes
                0x000005bb       0x34 c:/program files (x86)/gnu arm embedded toolchain/10 2021.10/bin/../lib/gcc/arm-none-eabi/10.3.1/../../../../arm-none-eabi/lib/thumb/v7e-m+fp/hard\libc_nano.a(lib_a-memcpy-stub.o)
 .ARM.attributes
                0x000005ef       0x34 c:/program files (x86)/gnu arm embedded toolchain/10 2021.10/bin/../lib/gcc/arm-none-eabi/10.3.1/../../../../arm-none-eabi/lib/thumb/v7e-m+fp/hard\libc_nano.a(lib_a-memset.o)
 .ARM.attributes
                0x00000623       0x17 c:/program files (x86)/gnu arm embedded toolchain/10 2021.10/bin/../lib/gcc/arm-none-eabi/10.3.1/../../../../arm-none-eabi/lib/thumb/v7e-m+fp/hard\libc_nano.a(lib_a-strlen.o)
 .ARM.attributes
                0x0000063a       0x1e c:/program files (x86)/gnu arm embedded toolchain/10 2021.10/bin/../lib/gcc/arm-none-eabi/10.3.1/thumb/v7e-m+fp/hard\libgcc.a(_aeabi_uldivmod.o)
 .ARM.attributes
                0x00000658       0x34 c:/program files (x86)/gnu arm embedded toolchain/10 2021.10/bin/../lib/gcc/arm-none-eabi/10.3.1/thumb/v7e-m+fp/hard\libgcc.a(_udivmoddi4.o)
 .ARM.attributes
                0x0000068c       0x1e c:/program files (x86)/gnu arm embedded toolchain/10 2021.10/bin/../lib/gcc/arm-none-eabi/10.3.1/thumb/v7e-m+fp/hard\libgcc.a(_dvmd_tls.o)
 .ARM.attributes
                0x000006aa       0x1e c:/program files (x86)/gnu arm embedded toolchain/10 2021.10/bin/../lib/gcc/arm-none-eabi/10.3.1/thumb/v7e-m+fp/hard/crtn.o
OUTPUT(build/LineFollower_6CU.elf elf32-littlearm)
LOAD linker stubs
LOAD c:/program files (x86)/gnu arm embedded toolchain/10 2021.10/bin/../lib/gcc/arm-none-eabi/10.3.1/../../../../arm-none-eabi/lib/thumb/v7e-m+fp/hard\libc.a
LOAD c:/program files (x86)/gnu arm embedded toolchain/10 2021.10/bin/../lib/gcc/arm-none-eabi/10.3.1/../../../../arm-none-eabi/lib/thumb/v7e-m+fp/hard\libm.a
LOAD c:/program files (x86)/gnu arm embedded toolchain/10 2021.10/bin/../lib/gcc/arm-none-eabi/10.3.1/thumb/v7e-m+fp/hard\libgcc.a

.debug_info     0x00000000    0x1dfcd
 .debug_info    0x00000000      0xd31 build/main.o
 .debug_info    0x00000d31      0x588 build/gpio.o
 .debug_info    0x000012b9     0x1279 build/freertos.o
 .debug_info    0x00002532      0xd4c build/adc.o
 .debug_info    0x0000327e      0xf80 build/tim.o
 .debug_info    0x000041fe      0xcf3 build/usart.o
 .debug_info    0x00004ef1      0xabe build/stm32f4xx_it.o
 .debug_info    0x000059af      0x4e3 build/stm32f4xx_hal_msp.o
 .debug_info    0x00005e92      0xd0a build/stm32f4xx_hal_timebase_tim.o
 .debug_info    0x00006b9c     0x1002 build/stm32f4xx_hal_adc.o
 .debug_info    0x00007b9e      0xc37 build/stm32f4xx_hal_rcc.o
 .debug_info    0x000087d5      0x872 build/stm32f4xx_hal_gpio.o
 .debug_info    0x00009047      0xbc9 build/stm32f4xx_hal_dma.o
 .debug_info    0x00009c10     0x10e4 build/stm32f4xx_hal_cortex.o
 .debug_info    0x0000acf4      0xa66 build/stm32f4xx_hal.o
 .debug_info    0x0000b75a     0x4059 build/stm32f4xx_hal_tim.o
 .debug_info    0x0000f7b3     0x1c62 build/stm32f4xx_hal_tim_ex.o
 .debug_info    0x00011415     0x43df build/stm32f4xx_hal_uart.o
 .debug_info    0x000157f4      0x5e5 build/system_stm32f4xx.o
 .debug_info    0x00015dd9      0x30f build/list.o
 .debug_info    0x000160e8     0x2407 build/queue.o
 .debug_info    0x000184ef     0x2ad1 build/tasks.o
 .debug_info    0x0001afc0     0x2409 build/cmsis_os.o
 .debug_info    0x0001d3c9      0x61a build/heap_4.o
 .debug_info    0x0001d9e3      0x5c8 build/port.o
 .debug_info    0x0001dfab       0x22 build/startup_stm32f411xe.o

.debug_abbrev   0x00000000     0x3b04
 .debug_abbrev  0x00000000      0x230 build/main.o
 .debug_abbrev  0x00000230      0x151 build/gpio.o
 .debug_abbrev  0x00000381      0x2a6 build/freertos.o
 .debug_abbrev  0x00000627      0x1d7 build/adc.o
 .debug_abbrev  0x000007fe      0x1f3 build/tim.o
 .debug_abbrev  0x000009f1      0x1e7 build/usart.o
 .debug_abbrev  0x00000bd8      0x194 build/stm32f4xx_it.o
 .debug_abbrev  0x00000d6c      0x11c build/stm32f4xx_hal_msp.o
 .debug_abbrev  0x00000e88      0x213 build/stm32f4xx_hal_timebase_tim.o
 .debug_abbrev  0x0000109b      0x252 build/stm32f4xx_hal_adc.o
 .debug_abbrev  0x000012ed      0x2de build/stm32f4xx_hal_rcc.o
 .debug_abbrev  0x000015cb      0x22b build/stm32f4xx_hal_gpio.o
 .debug_abbrev  0x000017f6      0x2bf build/stm32f4xx_hal_dma.o
 .debug_abbrev  0x00001ab5      0x382 build/stm32f4xx_hal_cortex.o
 .debug_abbrev  0x00001e37      0x23a build/stm32f4xx_hal.o
 .debug_abbrev  0x00002071      0x293 build/stm32f4xx_hal_tim.o
 .debug_abbrev  0x00002304      0x2a9 build/stm32f4xx_hal_tim_ex.o
 .debug_abbrev  0x000025ad      0x367 build/stm32f4xx_hal_uart.o
 .debug_abbrev  0x00002914      0x11b build/system_stm32f4xx.o
 .debug_abbrev  0x00002a2f      0x124 build/list.o
 .debug_abbrev  0x00002b53      0x3c4 build/queue.o
 .debug_abbrev  0x00002f17      0x36b build/tasks.o
 .debug_abbrev  0x00003282      0x37d build/cmsis_os.o
 .debug_abbrev  0x000035ff      0x269 build/heap_4.o
 .debug_abbrev  0x00003868      0x28a build/port.o
 .debug_abbrev  0x00003af2       0x12 build/startup_stm32f411xe.o

.debug_loc      0x00000000    0x16985
 .debug_loc     0x00000000       0xc8 build/main.o
 .debug_loc     0x000000c8       0x39 build/gpio.o
 .debug_loc     0x00000101      0x229 build/freertos.o
 .debug_loc     0x0000032a      0x12c build/adc.o
 .debug_loc     0x00000456      0x189 build/tim.o
 .debug_loc     0x000005df      0x108 build/usart.o
 .debug_loc     0x000006e7       0x60 build/stm32f4xx_it.o
 .debug_loc     0x00000747       0x38 build/stm32f4xx_hal_msp.o
 .debug_loc     0x0000077f       0xf5 build/stm32f4xx_hal_timebase_tim.o
 .debug_loc     0x00000874      0xdb9 build/stm32f4xx_hal_adc.o
 .debug_loc     0x0000162d      0x6e4 build/stm32f4xx_hal_rcc.o
 .debug_loc     0x00001d11      0x5e8 build/stm32f4xx_hal_gpio.o
 .debug_loc     0x000022f9      0xd6d build/stm32f4xx_hal_dma.o
 .debug_loc     0x00003066      0x7a4 build/stm32f4xx_hal_cortex.o
 .debug_loc     0x0000380a      0x1e1 build/stm32f4xx_hal.o
 .debug_loc     0x000039eb     0x5c80 build/stm32f4xx_hal_tim.o
 .debug_loc     0x0000966b     0x2137 build/stm32f4xx_hal_tim_ex.o
 .debug_loc     0x0000b7a2     0x4fef build/stm32f4xx_hal_uart.o
 .debug_loc     0x00010791      0x158 build/system_stm32f4xx.o
 .debug_loc     0x000108e9       0xe5 build/list.o
 .debug_loc     0x000109ce     0x1aaa build/queue.o
 .debug_loc     0x00012478     0x2447 build/tasks.o
 .debug_loc     0x000148bf     0x1a22 build/cmsis_os.o
 .debug_loc     0x000162e1      0x4e4 build/heap_4.o
 .debug_loc     0x000167c5      0x1c0 build/port.o

.debug_aranges  0x00000000     0x1328
 .debug_aranges
                0x00000000       0x38 build/main.o
 .debug_aranges
                0x00000038       0x20 build/gpio.o
 .debug_aranges
                0x00000058       0x60 build/freertos.o
 .debug_aranges
                0x000000b8       0x30 build/adc.o
 .debug_aranges
                0x000000e8       0x38 build/tim.o
 .debug_aranges
                0x00000120       0x30 build/usart.o
 .debug_aranges
                0x00000150       0x60 build/stm32f4xx_it.o
 .debug_aranges
                0x000001b0       0x20 build/stm32f4xx_hal_msp.o
 .debug_aranges
                0x000001d0       0x30 build/stm32f4xx_hal_timebase_tim.o
 .debug_aranges
                0x00000200       0xe8 build/stm32f4xx_hal_adc.o
 .debug_aranges
                0x000002e8       0x88 build/stm32f4xx_hal_rcc.o
 .debug_aranges
                0x00000370       0x58 build/stm32f4xx_hal_gpio.o
 .debug_aranges
                0x000003c8       0x90 build/stm32f4xx_hal_dma.o
 .debug_aranges
                0x00000458       0xa8 build/stm32f4xx_hal_cortex.o
 .debug_aranges
                0x00000500       0xf0 build/stm32f4xx_hal.o
 .debug_aranges
                0x000005f0      0x3d0 build/stm32f4xx_hal_tim.o
 .debug_aranges
                0x000009c0      0x168 build/stm32f4xx_hal_tim_ex.o
 .debug_aranges
                0x00000b28      0x200 build/stm32f4xx_hal_uart.o
 .debug_aranges
                0x00000d28       0x28 build/system_stm32f4xx.o
 .debug_aranges
                0x00000d50       0x40 build/list.o
 .debug_aranges
                0x00000d90      0x108 build/queue.o
 .debug_aranges
                0x00000e98      0x1b8 build/tasks.o
 .debug_aranges
                0x00001050      0x1d8 build/cmsis_os.o
 .debug_aranges
                0x00001228       0x58 build/heap_4.o
 .debug_aranges
                0x00001280       0x80 build/port.o
 .debug_aranges
                0x00001300       0x28 build/startup_stm32f411xe.o

.debug_ranges   0x00000000     0x13e0
 .debug_ranges  0x00000000       0x28 build/main.o
 .debug_ranges  0x00000028       0x10 build/gpio.o
 .debug_ranges  0x00000038       0x50 build/freertos.o
 .debug_ranges  0x00000088       0x20 build/adc.o
 .debug_ranges  0x000000a8       0x28 build/tim.o
 .debug_ranges  0x000000d0       0x20 build/usart.o
 .debug_ranges  0x000000f0       0x50 build/stm32f4xx_it.o
 .debug_ranges  0x00000140       0x10 build/stm32f4xx_hal_msp.o
 .debug_ranges  0x00000150       0x20 build/stm32f4xx_hal_timebase_tim.o
 .debug_ranges  0x00000170       0xd8 build/stm32f4xx_hal_adc.o
 .debug_ranges  0x00000248       0x90 build/stm32f4xx_hal_rcc.o
 .debug_ranges  0x000002d8       0x48 build/stm32f4xx_hal_gpio.o
 .debug_ranges  0x00000320       0x80 build/stm32f4xx_hal_dma.o
 .debug_ranges  0x000003a0       0xf8 build/stm32f4xx_hal_cortex.o
 .debug_ranges  0x00000498       0xe0 build/stm32f4xx_hal.o
 .debug_ranges  0x00000578      0x3c0 build/stm32f4xx_hal_tim.o
 .debug_ranges  0x00000938      0x158 build/stm32f4xx_hal_tim_ex.o
 .debug_ranges  0x00000a90      0x208 build/stm32f4xx_hal_uart.o
 .debug_ranges  0x00000c98       0x18 build/system_stm32f4xx.o
 .debug_ranges  0x00000cb0       0x30 build/list.o
 .debug_ranges  0x00000ce0      0x1c8 build/queue.o
 .debug_ranges  0x00000ea8      0x280 build/tasks.o
 .debug_ranges  0x00001128      0x1c8 build/cmsis_os.o
 .debug_ranges  0x000012f0       0x48 build/heap_4.o
 .debug_ranges  0x00001338       0x88 build/port.o
 .debug_ranges  0x000013c0       0x20 build/startup_stm32f411xe.o

.debug_line     0x00000000    0x16ed4
 .debug_line    0x00000000      0x3a6 build/main.o
 .debug_line    0x000003a6      0x214 build/gpio.o
 .debug_line    0x000005ba      0x58d build/freertos.o
 .debug_line    0x00000b47      0x457 build/adc.o
 .debug_line    0x00000f9e      0x380 build/tim.o
 .debug_line    0x0000131e      0x2fa build/usart.o
 .debug_line    0x00001618      0x2db build/stm32f4xx_it.o
 .debug_line    0x000018f3      0x1aa build/stm32f4xx_hal_msp.o
 .debug_line    0x00001a9d      0x2e2 build/stm32f4xx_hal_timebase_tim.o
 .debug_line    0x00001d7f     0x101c build/stm32f4xx_hal_adc.o
 .debug_line    0x00002d9b      0xb45 build/stm32f4xx_hal_rcc.o
 .debug_line    0x000038e0      0x6d7 build/stm32f4xx_hal_gpio.o
 .debug_line    0x00003fb7      0xe39 build/stm32f4xx_hal_dma.o
 .debug_line    0x00004df0      0x78c build/stm32f4xx_hal_cortex.o
 .debug_line    0x0000557c      0x579 build/stm32f4xx_hal.o
 .debug_line    0x00005af5     0x49cb build/stm32f4xx_hal_tim.o
 .debug_line    0x0000a4c0     0x1c76 build/stm32f4xx_hal_tim_ex.o
 .debug_line    0x0000c136     0x4602 build/stm32f4xx_hal_uart.o
 .debug_line    0x00010738      0x291 build/system_stm32f4xx.o
 .debug_line    0x000109c9      0x36d build/list.o
 .debug_line    0x00010d36     0x1c2a build/queue.o
 .debug_line    0x00012960     0x24f2 build/tasks.o
 .debug_line    0x00014e52     0x119e build/cmsis_os.o
 .debug_line    0x00015ff0      0x750 build/heap_4.o
 .debug_line    0x00016740      0x71e build/port.o
 .debug_line    0x00016e5e       0x76 build/startup_stm32f411xe.o

.debug_str      0x00000000     0x622a
 .debug_str     0x00000000      0x949 build/main.o
                                0xa0a (size before relaxing)
 .debug_str     0x00000949       0xbf build/gpio.o
                                0x358 (size before relaxing)
 .debug_str     0x00000a08      0x863 build/freertos.o
                                0xcbf (size before relaxing)
 .debug_str     0x0000126b       0x9a build/adc.o
                                0x7c7 (size before relaxing)
 .debug_str     0x00001305      0x53d build/tim.o
                                0xdb9 (size before relaxing)
 .debug_str     0x00001842       0x4e build/usart.o
                                0xbba (size before relaxing)
 .debug_str     0x00001890       0xe6 build/stm32f4xx_it.o
                                0x978 (size before relaxing)
 .debug_str     0x00001976       0x29 build/stm32f4xx_hal_msp.o
                                0x652 (size before relaxing)
 .debug_str     0x0000199f      0x100 build/stm32f4xx_hal_timebase_tim.o
                                0xce7 (size before relaxing)
 .debug_str     0x00001a9f      0x2ba build/stm32f4xx_hal_adc.o
                                0x93c (size before relaxing)
 .debug_str     0x00001d59      0x297 build/stm32f4xx_hal_rcc.o
                                0x709 (size before relaxing)
 .debug_str     0x00001ff0      0x125 build/stm32f4xx_hal_gpio.o
                                0x4cc (size before relaxing)
 .debug_str     0x00002115      0x2f2 build/stm32f4xx_hal_dma.o
                                0x750 (size before relaxing)
 .debug_str     0x00002407      0x4c5 build/stm32f4xx_hal_cortex.o
                                0xaae (size before relaxing)
 .debug_str     0x000028cc      0x273 build/stm32f4xx_hal.o
                                0x9ee (size before relaxing)
 .debug_str     0x00002b3f      0xdd7 build/stm32f4xx_hal_tim.o
                               0x1693 (size before relaxing)
 .debug_str     0x00003916      0x521 build/stm32f4xx_hal_tim_ex.o
                                0xe94 (size before relaxing)
 .debug_str     0x00003e37      0x5c9 build/stm32f4xx_hal_uart.o
                                0xd33 (size before relaxing)
 .debug_str     0x00004400       0x47 build/system_stm32f4xx.o
                                0x378 (size before relaxing)
 .debug_str     0x00004447      0x136 build/list.o
                                0x2dc (size before relaxing)
 .debug_str     0x0000457d      0x7af build/queue.o
                                0xb45 (size before relaxing)
 .debug_str     0x00004d2c      0x99d build/tasks.o
                                0xff5 (size before relaxing)
 .debug_str     0x000056c9      0x6f8 build/cmsis_os.o
                               0x1023 (size before relaxing)
 .debug_str     0x00005dc1      0x2c8 build/heap_4.o
                                0x4ea (size before relaxing)
 .debug_str     0x00006089      0x17d build/port.o
                                0x458 (size before relaxing)
 .debug_str     0x00006206       0x24 build/startup_stm32f411xe.o
                                 0x44 (size before relaxing)

.comment        0x00000000       0x9e
 .comment       0x00000000       0x49 build/main.o
                                 0x4a (size before relaxing)
 .comment       0x00000049       0x4a build/gpio.o
 .comment       0x00000049       0x4a build/freertos.o
 .comment       0x00000049       0x4a build/adc.o
 .comment       0x00000049       0x4a build/tim.o
 .comment       0x00000049       0x4a build/usart.o
 .comment       0x00000049       0x4a build/stm32f4xx_it.o
 .comment       0x00000049       0x4a build/stm32f4xx_hal_msp.o
 .comment       0x00000049       0x4a build/stm32f4xx_hal_timebase_tim.o
 .comment       0x00000049       0x4a build/stm32f4xx_hal_adc.o
 .comment       0x00000049       0x55 build/stm32f4xx_hal_rcc.o
                                 0x56 (size before relaxing)
 .comment       0x0000009e       0x4a build/stm32f4xx_hal_gpio.o
 .comment       0x0000009e       0x4a build/stm32f4xx_hal_dma.o
 .comment       0x0000009e       0x4a build/stm32f4xx_hal_cortex.o
 .comment       0x0000009e       0x4a build/stm32f4xx_hal.o
 .comment       0x0000009e       0x4a build/stm32f4xx_hal_tim.o
 .comment       0x0000009e       0x4a build/stm32f4xx_hal_tim_ex.o
 .comment       0x0000009e       0x4a build/stm32f4xx_hal_uart.o
 .comment       0x0000009e       0x56 build/system_stm32f4xx.o
 .comment       0x0000009e       0x4a build/list.o
 .comment       0x0000009e       0x4a build/queue.o
 .comment       0x0000009e       0x4a build/tasks.o
 .comment       0x0000009e       0x4a build/cmsis_os.o
 .comment       0x0000009e       0x4a build/heap_4.o
 .comment       0x0000009e       0x4a build/port.o

.debug_frame    0x00000000     0x343c
 .debug_frame   0x00000000       0x70 build/main.o
 .debug_frame   0x00000070       0x38 build/gpio.o
 .debug_frame   0x000000a8       0xe4 build/freertos.o
 .debug_frame   0x0000018c       0x6c build/adc.o
 .debug_frame   0x000001f8       0x84 build/tim.o
 .debug_frame   0x0000027c       0x60 build/usart.o
 .debug_frame   0x000002dc       0xb8 build/stm32f4xx_it.o
 .debug_frame   0x00000394       0x2c build/stm32f4xx_hal_msp.o
 .debug_frame   0x000003c0       0x54 build/stm32f4xx_hal_timebase_tim.o
 .debug_frame   0x00000414      0x268 build/stm32f4xx_hal_adc.o
 .debug_frame   0x0000067c      0x16c build/stm32f4xx_hal_rcc.o
 .debug_frame   0x000007e8       0xd8 build/stm32f4xx_hal_gpio.o
 .debug_frame   0x000008c0      0x188 build/stm32f4xx_hal_dma.o
 .debug_frame   0x00000a48      0x148 build/stm32f4xx_hal_cortex.o
 .debug_frame   0x00000b90      0x1ec build/stm32f4xx_hal.o
 .debug_frame   0x00000d7c      0xb20 build/stm32f4xx_hal_tim.o
 .debug_frame   0x0000189c      0x40c build/stm32f4xx_hal_tim_ex.o
 .debug_frame   0x00001ca8      0x5cc build/stm32f4xx_hal_uart.o
 .debug_frame   0x00002274       0x30 build/system_stm32f4xx.o
 .debug_frame   0x000022a4       0x70 build/list.o
 .debug_frame   0x00002314      0x35c build/queue.o
 .debug_frame   0x00002670      0x58c build/tasks.o
 .debug_frame   0x00002bfc      0x58c build/cmsis_os.o
 .debug_frame   0x00003188       0xd0 build/heap_4.o
 .debug_frame   0x00003258      0x110 build/port.o
 .debug_frame   0x00003368       0x2c c:/program files (x86)/gnu arm embedded toolchain/10 2021.10/bin/../lib/gcc/arm-none-eabi/10.3.1/../../../../arm-none-eabi/lib/thumb/v7e-m+fp/hard\libc_nano.a(lib_a-init.o)
 .debug_frame   0x00003394       0x28 c:/program files (x86)/gnu arm embedded toolchain/10 2021.10/bin/../lib/gcc/arm-none-eabi/10.3.1/../../../../arm-none-eabi/lib/thumb/v7e-m+fp/hard\libc_nano.a(lib_a-memcpy-stub.o)
 .debug_frame   0x000033bc       0x20 c:/program files (x86)/gnu arm embedded toolchain/10 2021.10/bin/../lib/gcc/arm-none-eabi/10.3.1/../../../../arm-none-eabi/lib/thumb/v7e-m+fp/hard\libc_nano.a(lib_a-memset.o)
 .debug_frame   0x000033dc       0x2c c:/program files (x86)/gnu arm embedded toolchain/10 2021.10/bin/../lib/gcc/arm-none-eabi/10.3.1/thumb/v7e-m+fp/hard\libgcc.a(_aeabi_uldivmod.o)
 .debug_frame   0x00003408       0x34 c:/program files (x86)/gnu arm embedded toolchain/10 2021.10/bin/../lib/gcc/arm-none-eabi/10.3.1/thumb/v7e-m+fp/hard\libgcc.a(_udivmoddi4.o)

Cross Reference Table

Symbol                                            File
ADC_IRQHandler                                    build/startup_stm32f411xe.o
AHBPrescTable                                     build/system_stm32f4xx.o
                                                  build/stm32f4xx_hal_rcc.o
APBPrescTable                                     build/system_stm32f4xx.o
                                                  build/stm32f4xx_hal_rcc.o
BusFault_Handler                                  build/stm32f4xx_it.o
CommSemaphoreHandle                               build/freertos.o
DMA1_Stream0_IRQHandler                           build/startup_stm32f411xe.o
DMA1_Stream1_IRQHandler                           build/startup_stm32f411xe.o
DMA1_Stream2_IRQHandler                           build/startup_stm32f411xe.o
DMA1_Stream3_IRQHandler                           build/startup_stm32f411xe.o
DMA1_Stream4_IRQHandler                           build/startup_stm32f411xe.o
DMA1_Stream5_IRQHandler                           build/startup_stm32f411xe.o
DMA1_Stream6_IRQHandler                           build/startup_stm32f411xe.o
DMA1_Stream7_IRQHandler                           build/startup_stm32f411xe.o
DMA2_Stream0_IRQHandler                           build/startup_stm32f411xe.o
DMA2_Stream1_IRQHandler                           build/startup_stm32f411xe.o
DMA2_Stream2_IRQHandler                           build/startup_stm32f411xe.o
DMA2_Stream3_IRQHandler                           build/startup_stm32f411xe.o
DMA2_Stream4_IRQHandler                           build/startup_stm32f411xe.o
DMA2_Stream5_IRQHandler                           build/startup_stm32f411xe.o
DMA2_Stream6_IRQHandler                           build/startup_stm32f411xe.o
DMA2_Stream7_IRQHandler                           build/startup_stm32f411xe.o
DebugMon_Handler                                  build/stm32f4xx_it.o
Default_Handler                                   build/startup_stm32f411xe.o
EXTI0_IRQHandler                                  build/startup_stm32f411xe.o
EXTI15_10_IRQHandler                              build/startup_stm32f411xe.o
EXTI1_IRQHandler                                  build/startup_stm32f411xe.o
EXTI2_IRQHandler                                  build/startup_stm32f411xe.o
EXTI3_IRQHandler                                  build/startup_stm32f411xe.o
EXTI4_IRQHandler                                  build/startup_stm32f411xe.o
EXTI9_5_IRQHandler                                build/startup_stm32f411xe.o
Error_Handler                                     build/main.o
                                                  build/usart.o
                                                  build/tim.o
                                                  build/adc.o
ExStartCommTask                                   build/freertos.o
ExStartDriveTask                                  build/freertos.o
FLASH_Erase_Sector                                build/stm32f4xx_hal_flash_ex.o
                                                  build/stm32f4xx_hal_flash.o
FLASH_FlushCaches                                 build/stm32f4xx_hal_flash_ex.o
                                                  build/stm32f4xx_hal_flash.o
FLASH_IRQHandler                                  build/startup_stm32f411xe.o
FLASH_WaitForLastOperation                        build/stm32f4xx_hal_flash.o
                                                  build/stm32f4xx_hal_flash_ex.o
FPU_IRQHandler                                    build/startup_stm32f411xe.o
HAL_ADCEx_InjectedConfigChannel                   build/stm32f4xx_hal_adc_ex.o
HAL_ADCEx_InjectedConvCpltCallback                build/stm32f4xx_hal_adc_ex.o
                                                  build/stm32f4xx_hal_adc.o
HAL_ADCEx_InjectedGetValue                        build/stm32f4xx_hal_adc_ex.o
HAL_ADCEx_InjectedPollForConversion               build/stm32f4xx_hal_adc_ex.o
HAL_ADCEx_InjectedStart                           build/stm32f4xx_hal_adc_ex.o
HAL_ADCEx_InjectedStart_IT                        build/stm32f4xx_hal_adc_ex.o
HAL_ADCEx_InjectedStop                            build/stm32f4xx_hal_adc_ex.o
HAL_ADCEx_InjectedStop_IT                         build/stm32f4xx_hal_adc_ex.o
HAL_ADCEx_MultiModeConfigChannel                  build/stm32f4xx_hal_adc_ex.o
HAL_ADCEx_MultiModeGetValue                       build/stm32f4xx_hal_adc_ex.o
HAL_ADCEx_MultiModeStart_DMA                      build/stm32f4xx_hal_adc_ex.o
HAL_ADCEx_MultiModeStop_DMA                       build/stm32f4xx_hal_adc_ex.o
HAL_ADC_AnalogWDGConfig                           build/stm32f4xx_hal_adc.o
HAL_ADC_ConfigChannel                             build/stm32f4xx_hal_adc.o
                                                  build/adc.o
HAL_ADC_ConvCpltCallback                          build/stm32f4xx_hal_adc.o
                                                  build/stm32f4xx_hal_adc_ex.o
HAL_ADC_ConvHalfCpltCallback                      build/stm32f4xx_hal_adc.o
                                                  build/stm32f4xx_hal_adc_ex.o
HAL_ADC_DeInit                                    build/stm32f4xx_hal_adc.o
HAL_ADC_ErrorCallback                             build/stm32f4xx_hal_adc.o
                                                  build/stm32f4xx_hal_adc_ex.o
HAL_ADC_GetError                                  build/stm32f4xx_hal_adc.o
HAL_ADC_GetState                                  build/stm32f4xx_hal_adc.o
HAL_ADC_GetValue                                  build/stm32f4xx_hal_adc.o
                                                  build/freertos.o
HAL_ADC_IRQHandler                                build/stm32f4xx_hal_adc.o
HAL_ADC_Init                                      build/stm32f4xx_hal_adc.o
                                                  build/adc.o
HAL_ADC_LevelOutOfWindowCallback                  build/stm32f4xx_hal_adc.o
HAL_ADC_MspDeInit                                 build/adc.o
HAL_ADC_MspInit                                   build/adc.o
HAL_ADC_PollForConversion                         build/stm32f4xx_hal_adc.o
                                                  build/freertos.o
HAL_ADC_PollForEvent                              build/stm32f4xx_hal_adc.o
HAL_ADC_Start                                     build/stm32f4xx_hal_adc.o
                                                  build/freertos.o
HAL_ADC_Start_DMA                                 build/stm32f4xx_hal_adc.o
HAL_ADC_Start_IT                                  build/stm32f4xx_hal_adc.o
HAL_ADC_Stop                                      build/stm32f4xx_hal_adc.o
HAL_ADC_Stop_DMA                                  build/stm32f4xx_hal_adc.o
HAL_ADC_Stop_IT                                   build/stm32f4xx_hal_adc.o
HAL_DBGMCU_DisableDBGSleepMode                    build/stm32f4xx_hal.o
HAL_DBGMCU_DisableDBGStandbyMode                  build/stm32f4xx_hal.o
HAL_DBGMCU_DisableDBGStopMode                     build/stm32f4xx_hal.o
HAL_DBGMCU_EnableDBGSleepMode                     build/stm32f4xx_hal.o
HAL_DBGMCU_EnableDBGStandbyMode                   build/stm32f4xx_hal.o
HAL_DBGMCU_EnableDBGStopMode                      build/stm32f4xx_hal.o
HAL_DMAEx_ChangeMemory                            build/stm32f4xx_hal_dma_ex.o
HAL_DMAEx_MultiBufferStart                        build/stm32f4xx_hal_dma_ex.o
HAL_DMAEx_MultiBufferStart_IT                     build/stm32f4xx_hal_dma_ex.o
HAL_DMA_Abort                                     build/stm32f4xx_hal_dma.o
                                                  build/stm32f4xx_hal_uart.o
                                                  build/stm32f4xx_hal_adc_ex.o
                                                  build/stm32f4xx_hal_adc.o
HAL_DMA_Abort_IT                                  build/stm32f4xx_hal_dma.o
                                                  build/stm32f4xx_hal_uart.o
                                                  build/stm32f4xx_hal_tim_ex.o
                                                  build/stm32f4xx_hal_tim.o
HAL_DMA_DeInit                                    build/stm32f4xx_hal_dma.o
HAL_DMA_GetError                                  build/stm32f4xx_hal_dma.o
                                                  build/stm32f4xx_hal_uart.o
HAL_DMA_GetState                                  build/stm32f4xx_hal_dma.o
HAL_DMA_IRQHandler                                build/stm32f4xx_hal_dma.o
HAL_DMA_Init                                      build/stm32f4xx_hal_dma.o
HAL_DMA_PollForTransfer                           build/stm32f4xx_hal_dma.o
HAL_DMA_RegisterCallback                          build/stm32f4xx_hal_dma.o
HAL_DMA_Start                                     build/stm32f4xx_hal_dma.o
HAL_DMA_Start_IT                                  build/stm32f4xx_hal_dma.o
                                                  build/stm32f4xx_hal_uart.o
                                                  build/stm32f4xx_hal_tim_ex.o
                                                  build/stm32f4xx_hal_tim.o
                                                  build/stm32f4xx_hal_adc_ex.o
                                                  build/stm32f4xx_hal_adc.o
HAL_DMA_UnRegisterCallback                        build/stm32f4xx_hal_dma.o
HAL_DeInit                                        build/stm32f4xx_hal.o
HAL_Delay                                         build/stm32f4xx_hal.o
HAL_DisableCompensationCell                       build/stm32f4xx_hal.o
HAL_EXTI_ClearConfigLine                          build/stm32f4xx_hal_exti.o
HAL_EXTI_ClearPending                             build/stm32f4xx_hal_exti.o
HAL_EXTI_GenerateSWI                              build/stm32f4xx_hal_exti.o
HAL_EXTI_GetConfigLine                            build/stm32f4xx_hal_exti.o
HAL_EXTI_GetHandle                                build/stm32f4xx_hal_exti.o
HAL_EXTI_GetPending                               build/stm32f4xx_hal_exti.o
HAL_EXTI_IRQHandler                               build/stm32f4xx_hal_exti.o
HAL_EXTI_RegisterCallback                         build/stm32f4xx_hal_exti.o
HAL_EXTI_SetConfigLine                            build/stm32f4xx_hal_exti.o
HAL_EnableCompensationCell                        build/stm32f4xx_hal.o
HAL_FLASHEx_AdvOBGetConfig                        build/stm32f4xx_hal_flash_ex.o
HAL_FLASHEx_AdvOBProgram                          build/stm32f4xx_hal_flash_ex.o
HAL_FLASHEx_DisableFlashSleepMode                 build/stm32f4xx_hal_flash_ramfunc.o
HAL_FLASHEx_EnableFlashSleepMode                  build/stm32f4xx_hal_flash_ramfunc.o
HAL_FLASHEx_Erase                                 build/stm32f4xx_hal_flash_ex.o
HAL_FLASHEx_Erase_IT                              build/stm32f4xx_hal_flash_ex.o
HAL_FLASHEx_OBGetConfig                           build/stm32f4xx_hal_flash_ex.o
HAL_FLASHEx_OBProgram                             build/stm32f4xx_hal_flash_ex.o
HAL_FLASHEx_OB_DeSelectPCROP                      build/stm32f4xx_hal_flash_ex.o
HAL_FLASHEx_OB_SelectPCROP                        build/stm32f4xx_hal_flash_ex.o
HAL_FLASHEx_StartFlashInterfaceClk                build/stm32f4xx_hal_flash_ramfunc.o
HAL_FLASHEx_StopFlashInterfaceClk                 build/stm32f4xx_hal_flash_ramfunc.o
HAL_FLASH_EndOfOperationCallback                  build/stm32f4xx_hal_flash.o
HAL_FLASH_GetError                                build/stm32f4xx_hal_flash.o
HAL_FLASH_IRQHandler                              build/stm32f4xx_hal_flash.o
HAL_FLASH_Lock                                    build/stm32f4xx_hal_flash.o
HAL_FLASH_OB_Launch                               build/stm32f4xx_hal_flash.o
HAL_FLASH_OB_Lock                                 build/stm32f4xx_hal_flash.o
HAL_FLASH_OB_Unlock                               build/stm32f4xx_hal_flash.o
HAL_FLASH_OperationErrorCallback                  build/stm32f4xx_hal_flash.o
HAL_FLASH_Program                                 build/stm32f4xx_hal_flash.o
HAL_FLASH_Program_IT                              build/stm32f4xx_hal_flash.o
HAL_FLASH_Unlock                                  build/stm32f4xx_hal_flash.o
HAL_GPIO_DeInit                                   build/stm32f4xx_hal_gpio.o
                                                  build/usart.o
                                                  build/adc.o
HAL_GPIO_EXTI_Callback                            build/stm32f4xx_hal_gpio.o
HAL_GPIO_EXTI_IRQHandler                          build/stm32f4xx_hal_gpio.o
HAL_GPIO_Init                                     build/stm32f4xx_hal_gpio.o
                                                  build/stm32f4xx_hal_rcc.o
                                                  build/usart.o
                                                  build/tim.o
                                                  build/adc.o
                                                  build/gpio.o
HAL_GPIO_LockPin                                  build/stm32f4xx_hal_gpio.o
HAL_GPIO_ReadPin                                  build/stm32f4xx_hal_gpio.o
HAL_GPIO_TogglePin                                build/stm32f4xx_hal_gpio.o
HAL_GPIO_WritePin                                 build/stm32f4xx_hal_gpio.o
                                                  build/gpio.o
HAL_GetDEVID                                      build/stm32f4xx_hal.o
HAL_GetHalVersion                                 build/stm32f4xx_hal.o
HAL_GetREVID                                      build/stm32f4xx_hal.o
HAL_GetTick                                       build/stm32f4xx_hal.o
                                                  build/stm32f4xx_hal_uart.o
                                                  build/stm32f4xx_hal_pwr_ex.o
                                                  build/stm32f4xx_hal_dma.o
                                                  build/stm32f4xx_hal_flash.o
                                                  build/stm32f4xx_hal_rcc_ex.o
                                                  build/stm32f4xx_hal_rcc.o
                                                  build/stm32f4xx_hal_adc_ex.o
                                                  build/stm32f4xx_hal_adc.o
HAL_GetTickFreq                                   build/stm32f4xx_hal.o
HAL_GetTickPrio                                   build/stm32f4xx_hal.o
HAL_GetUIDw0                                      build/stm32f4xx_hal.o
HAL_GetUIDw1                                      build/stm32f4xx_hal.o
HAL_GetUIDw2                                      build/stm32f4xx_hal.o
HAL_HalfDuplex_EnableReceiver                     build/stm32f4xx_hal_uart.o
HAL_HalfDuplex_EnableTransmitter                  build/stm32f4xx_hal_uart.o
HAL_HalfDuplex_Init                               build/stm32f4xx_hal_uart.o
HAL_IncTick                                       build/stm32f4xx_hal.o
                                                  build/main.o
HAL_Init                                          build/stm32f4xx_hal.o
                                                  build/main.o
HAL_InitTick                                      build/stm32f4xx_hal_timebase_tim.o
                                                  build/stm32f4xx_hal_rcc_ex.o
                                                  build/stm32f4xx_hal_rcc.o
HAL_LIN_Init                                      build/stm32f4xx_hal_uart.o
HAL_LIN_SendBreak                                 build/stm32f4xx_hal_uart.o
HAL_MPU_ConfigRegion                              build/stm32f4xx_hal_cortex.o
HAL_MPU_Disable                                   build/stm32f4xx_hal_cortex.o
HAL_MPU_Enable                                    build/stm32f4xx_hal_cortex.o
HAL_MspDeInit                                     build/stm32f4xx_hal.o
HAL_MspInit                                       build/stm32f4xx_hal_msp.o
HAL_MultiProcessor_EnterMuteMode                  build/stm32f4xx_hal_uart.o
HAL_MultiProcessor_ExitMuteMode                   build/stm32f4xx_hal_uart.o
HAL_MultiProcessor_Init                           build/stm32f4xx_hal_uart.o
HAL_NVIC_ClearPendingIRQ                          build/stm32f4xx_hal_cortex.o
HAL_NVIC_DisableIRQ                               build/stm32f4xx_hal_cortex.o
                                                  build/usart.o
                                                  build/tim.o
HAL_NVIC_EnableIRQ                                build/stm32f4xx_hal_cortex.o
                                                  build/stm32f4xx_hal_timebase_tim.o
                                                  build/usart.o
                                                  build/tim.o
HAL_NVIC_GetActive                                build/stm32f4xx_hal_cortex.o
HAL_NVIC_GetPendingIRQ                            build/stm32f4xx_hal_cortex.o
HAL_NVIC_GetPriority                              build/stm32f4xx_hal_cortex.o
HAL_NVIC_GetPriorityGrouping                      build/stm32f4xx_hal_cortex.o
HAL_NVIC_SetPendingIRQ                            build/stm32f4xx_hal_cortex.o
HAL_NVIC_SetPriority                              build/stm32f4xx_hal_cortex.o
                                                  build/stm32f4xx_hal.o
                                                  build/stm32f4xx_hal_timebase_tim.o
                                                  build/stm32f4xx_hal_msp.o
                                                  build/usart.o
                                                  build/tim.o
HAL_NVIC_SetPriorityGrouping                      build/stm32f4xx_hal_cortex.o
                                                  build/stm32f4xx_hal.o
HAL_NVIC_SystemReset                              build/stm32f4xx_hal_cortex.o
HAL_PWREx_ControlVoltageScaling                   build/stm32f4xx_hal_pwr_ex.o
HAL_PWREx_DisableBkUpReg                          build/stm32f4xx_hal_pwr_ex.o
HAL_PWREx_DisableFlashPowerDown                   build/stm32f4xx_hal_pwr_ex.o
HAL_PWREx_DisableLowRegulatorLowVoltage           build/stm32f4xx_hal_pwr_ex.o
HAL_PWREx_DisableMainRegulatorLowVoltage          build/stm32f4xx_hal_pwr_ex.o
HAL_PWREx_EnableBkUpReg                           build/stm32f4xx_hal_pwr_ex.o
HAL_PWREx_EnableFlashPowerDown                    build/stm32f4xx_hal_pwr_ex.o
HAL_PWREx_EnableLowRegulatorLowVoltage            build/stm32f4xx_hal_pwr_ex.o
HAL_PWREx_EnableMainRegulatorLowVoltage           build/stm32f4xx_hal_pwr_ex.o
HAL_PWREx_GetVoltageRange                         build/stm32f4xx_hal_pwr_ex.o
HAL_PWR_ConfigPVD                                 build/stm32f4xx_hal_pwr.o
HAL_PWR_DeInit                                    build/stm32f4xx_hal_pwr.o
HAL_PWR_DisableBkUpAccess                         build/stm32f4xx_hal_pwr.o
HAL_PWR_DisablePVD                                build/stm32f4xx_hal_pwr.o
HAL_PWR_DisableSEVOnPend                          build/stm32f4xx_hal_pwr.o
HAL_PWR_DisableSleepOnExit                        build/stm32f4xx_hal_pwr.o
HAL_PWR_DisableWakeUpPin                          build/stm32f4xx_hal_pwr.o
HAL_PWR_EnableBkUpAccess                          build/stm32f4xx_hal_pwr.o
HAL_PWR_EnablePVD                                 build/stm32f4xx_hal_pwr.o
HAL_PWR_EnableSEVOnPend                           build/stm32f4xx_hal_pwr.o
HAL_PWR_EnableSleepOnExit                         build/stm32f4xx_hal_pwr.o
HAL_PWR_EnableWakeUpPin                           build/stm32f4xx_hal_pwr.o
HAL_PWR_EnterSLEEPMode                            build/stm32f4xx_hal_pwr.o
HAL_PWR_EnterSTANDBYMode                          build/stm32f4xx_hal_pwr.o
HAL_PWR_EnterSTOPMode                             build/stm32f4xx_hal_pwr.o
HAL_PWR_PVDCallback                               build/stm32f4xx_hal_pwr.o
HAL_PWR_PVD_IRQHandler                            build/stm32f4xx_hal_pwr.o
HAL_RCCEx_DisablePLLI2S                           build/stm32f4xx_hal_rcc_ex.o
HAL_RCCEx_EnablePLLI2S                            build/stm32f4xx_hal_rcc_ex.o
HAL_RCCEx_GetPeriphCLKConfig                      build/stm32f4xx_hal_rcc_ex.o
HAL_RCCEx_GetPeriphCLKFreq                        build/stm32f4xx_hal_rcc_ex.o
HAL_RCCEx_PeriphCLKConfig                         build/stm32f4xx_hal_rcc_ex.o
HAL_RCCEx_SelectLSEMode                           build/stm32f4xx_hal_rcc_ex.o
HAL_RCC_CSSCallback                               build/stm32f4xx_hal_rcc.o
HAL_RCC_ClockConfig                               build/stm32f4xx_hal_rcc.o
                                                  build/main.o
HAL_RCC_DeInit                                    build/stm32f4xx_hal_rcc_ex.o
                                                  build/stm32f4xx_hal_rcc.o
HAL_RCC_DisableCSS                                build/stm32f4xx_hal_rcc.o
HAL_RCC_EnableCSS                                 build/stm32f4xx_hal_rcc.o
HAL_RCC_GetClockConfig                            build/stm32f4xx_hal_rcc.o
                                                  build/stm32f4xx_hal_timebase_tim.o
HAL_RCC_GetHCLKFreq                               build/stm32f4xx_hal_rcc.o
HAL_RCC_GetOscConfig                              build/stm32f4xx_hal_rcc.o
HAL_RCC_GetPCLK1Freq                              build/stm32f4xx_hal_rcc.o
                                                  build/stm32f4xx_hal_uart.o
HAL_RCC_GetPCLK2Freq                              build/stm32f4xx_hal_rcc.o
                                                  build/stm32f4xx_hal_uart.o
                                                  build/stm32f4xx_hal_timebase_tim.o
HAL_RCC_GetSysClockFreq                           build/stm32f4xx_hal_rcc.o
HAL_RCC_MCOConfig                                 build/stm32f4xx_hal_rcc.o
HAL_RCC_NMI_IRQHandler                            build/stm32f4xx_hal_rcc.o
HAL_RCC_OscConfig                                 build/stm32f4xx_hal_rcc.o
                                                  build/main.o
HAL_ResumeTick                                    build/stm32f4xx_hal_timebase_tim.o
HAL_SYSTICK_CLKSourceConfig                       build/stm32f4xx_hal_cortex.o
HAL_SYSTICK_Callback                              build/stm32f4xx_hal_cortex.o
HAL_SYSTICK_Config                                build/stm32f4xx_hal_cortex.o
                                                  build/stm32f4xx_hal.o
HAL_SYSTICK_IRQHandler                            build/stm32f4xx_hal_cortex.o
HAL_SetTickFreq                                   build/stm32f4xx_hal.o
HAL_SuspendTick                                   build/stm32f4xx_hal_timebase_tim.o
HAL_TIMEx_BreakCallback                           build/stm32f4xx_hal_tim_ex.o
                                                  build/stm32f4xx_hal_tim.o
HAL_TIMEx_CommutCallback                          build/stm32f4xx_hal_tim_ex.o
                                                  build/stm32f4xx_hal_tim.o
HAL_TIMEx_CommutHalfCpltCallback                  build/stm32f4xx_hal_tim_ex.o
HAL_TIMEx_ConfigBreakDeadTime                     build/stm32f4xx_hal_tim_ex.o
HAL_TIMEx_ConfigCommutEvent                       build/stm32f4xx_hal_tim_ex.o
HAL_TIMEx_ConfigCommutEvent_DMA                   build/stm32f4xx_hal_tim_ex.o
HAL_TIMEx_ConfigCommutEvent_IT                    build/stm32f4xx_hal_tim_ex.o
HAL_TIMEx_GetChannelNState                        build/stm32f4xx_hal_tim_ex.o
HAL_TIMEx_HallSensor_DeInit                       build/stm32f4xx_hal_tim_ex.o
HAL_TIMEx_HallSensor_GetState                     build/stm32f4xx_hal_tim_ex.o
HAL_TIMEx_HallSensor_Init                         build/stm32f4xx_hal_tim_ex.o
HAL_TIMEx_HallSensor_MspDeInit                    build/stm32f4xx_hal_tim_ex.o
HAL_TIMEx_HallSensor_MspInit                      build/stm32f4xx_hal_tim_ex.o
HAL_TIMEx_HallSensor_Start                        build/stm32f4xx_hal_tim_ex.o
HAL_TIMEx_HallSensor_Start_DMA                    build/stm32f4xx_hal_tim_ex.o
HAL_TIMEx_HallSensor_Start_IT                     build/stm32f4xx_hal_tim_ex.o
HAL_TIMEx_HallSensor_Stop                         build/stm32f4xx_hal_tim_ex.o
HAL_TIMEx_HallSensor_Stop_DMA                     build/stm32f4xx_hal_tim_ex.o
HAL_TIMEx_HallSensor_Stop_IT                      build/stm32f4xx_hal_tim_ex.o
HAL_TIMEx_MasterConfigSynchronization             build/stm32f4xx_hal_tim_ex.o
                                                  build/tim.o
HAL_TIMEx_OCN_Start                               build/stm32f4xx_hal_tim_ex.o
HAL_TIMEx_OCN_Start_DMA                           build/stm32f4xx_hal_tim_ex.o
HAL_TIMEx_OCN_Start_IT                            build/stm32f4xx_hal_tim_ex.o
HAL_TIMEx_OCN_Stop                                build/stm32f4xx_hal_tim_ex.o
HAL_TIMEx_OCN_Stop_DMA                            build/stm32f4xx_hal_tim_ex.o
HAL_TIMEx_OCN_Stop_IT                             build/stm32f4xx_hal_tim_ex.o
HAL_TIMEx_OnePulseN_Start                         build/stm32f4xx_hal_tim_ex.o
HAL_TIMEx_OnePulseN_Start_IT                      build/stm32f4xx_hal_tim_ex.o
HAL_TIMEx_OnePulseN_Stop                          build/stm32f4xx_hal_tim_ex.o
HAL_TIMEx_OnePulseN_Stop_IT                       build/stm32f4xx_hal_tim_ex.o
HAL_TIMEx_PWMN_Start                              build/stm32f4xx_hal_tim_ex.o
HAL_TIMEx_PWMN_Start_DMA                          build/stm32f4xx_hal_tim_ex.o
HAL_TIMEx_PWMN_Start_IT                           build/stm32f4xx_hal_tim_ex.o
HAL_TIMEx_PWMN_Stop                               build/stm32f4xx_hal_tim_ex.o
HAL_TIMEx_PWMN_Stop_DMA                           build/stm32f4xx_hal_tim_ex.o
HAL_TIMEx_PWMN_Stop_IT                            build/stm32f4xx_hal_tim_ex.o
HAL_TIMEx_RemapConfig                             build/stm32f4xx_hal_tim_ex.o
HAL_TIM_Base_DeInit                               build/stm32f4xx_hal_tim.o
HAL_TIM_Base_GetState                             build/stm32f4xx_hal_tim.o
HAL_TIM_Base_Init                                 build/stm32f4xx_hal_tim.o
                                                  build/stm32f4xx_hal_timebase_tim.o
HAL_TIM_Base_MspDeInit                            build/stm32f4xx_hal_tim.o
HAL_TIM_Base_MspInit                              build/stm32f4xx_hal_tim.o
HAL_TIM_Base_Start                                build/stm32f4xx_hal_tim.o
HAL_TIM_Base_Start_DMA                            build/stm32f4xx_hal_tim.o
HAL_TIM_Base_Start_IT                             build/stm32f4xx_hal_tim.o
                                                  build/stm32f4xx_hal_timebase_tim.o
HAL_TIM_Base_Stop                                 build/stm32f4xx_hal_tim.o
HAL_TIM_Base_Stop_DMA                             build/stm32f4xx_hal_tim.o
HAL_TIM_Base_Stop_IT                              build/stm32f4xx_hal_tim.o
HAL_TIM_ConfigClockSource                         build/stm32f4xx_hal_tim.o
HAL_TIM_ConfigOCrefClear                          build/stm32f4xx_hal_tim.o
HAL_TIM_ConfigTI1Input                            build/stm32f4xx_hal_tim.o
HAL_TIM_DMABurstState                             build/stm32f4xx_hal_tim.o
HAL_TIM_DMABurst_MultiReadStart                   build/stm32f4xx_hal_tim.o
HAL_TIM_DMABurst_MultiWriteStart                  build/stm32f4xx_hal_tim.o
HAL_TIM_DMABurst_ReadStart                        build/stm32f4xx_hal_tim.o
HAL_TIM_DMABurst_ReadStop                         build/stm32f4xx_hal_tim.o
HAL_TIM_DMABurst_WriteStart                       build/stm32f4xx_hal_tim.o
HAL_TIM_DMABurst_WriteStop                        build/stm32f4xx_hal_tim.o
HAL_TIM_Encoder_DeInit                            build/stm32f4xx_hal_tim.o
HAL_TIM_Encoder_GetState                          build/stm32f4xx_hal_tim.o
HAL_TIM_Encoder_Init                              build/stm32f4xx_hal_tim.o
HAL_TIM_Encoder_MspDeInit                         build/stm32f4xx_hal_tim.o
HAL_TIM_Encoder_MspInit                           build/stm32f4xx_hal_tim.o
HAL_TIM_Encoder_Start                             build/stm32f4xx_hal_tim.o
HAL_TIM_Encoder_Start_DMA                         build/stm32f4xx_hal_tim.o
HAL_TIM_Encoder_Start_IT                          build/stm32f4xx_hal_tim.o
HAL_TIM_Encoder_Stop                              build/stm32f4xx_hal_tim.o
HAL_TIM_Encoder_Stop_DMA                          build/stm32f4xx_hal_tim.o
HAL_TIM_Encoder_Stop_IT                           build/stm32f4xx_hal_tim.o
HAL_TIM_ErrorCallback                             build/stm32f4xx_hal_tim.o
                                                  build/stm32f4xx_hal_tim_ex.o
HAL_TIM_GenerateEvent                             build/stm32f4xx_hal_tim.o
HAL_TIM_GetActiveChannel                          build/stm32f4xx_hal_tim.o
HAL_TIM_GetChannelState                           build/stm32f4xx_hal_tim.o
HAL_TIM_IC_CaptureCallback                        build/stm32f4xx_hal_tim.o
HAL_TIM_IC_CaptureHalfCpltCallback                build/stm32f4xx_hal_tim.o
HAL_TIM_IC_ConfigChannel                          build/stm32f4xx_hal_tim.o
HAL_TIM_IC_DeInit                                 build/stm32f4xx_hal_tim.o
HAL_TIM_IC_GetState                               build/stm32f4xx_hal_tim.o
HAL_TIM_IC_Init                                   build/stm32f4xx_hal_tim.o
HAL_TIM_IC_MspDeInit                              build/stm32f4xx_hal_tim.o
HAL_TIM_IC_MspInit                                build/stm32f4xx_hal_tim.o
HAL_TIM_IC_Start                                  build/stm32f4xx_hal_tim.o
HAL_TIM_IC_Start_DMA                              build/stm32f4xx_hal_tim.o
HAL_TIM_IC_Start_IT                               build/stm32f4xx_hal_tim.o
HAL_TIM_IC_Stop                                   build/stm32f4xx_hal_tim.o
HAL_TIM_IC_Stop_DMA                               build/stm32f4xx_hal_tim.o
HAL_TIM_IC_Stop_IT                                build/stm32f4xx_hal_tim.o
HAL_TIM_IRQHandler                                build/stm32f4xx_hal_tim.o
                                                  build/stm32f4xx_it.o
HAL_TIM_MspPostInit                               build/tim.o
HAL_TIM_OC_ConfigChannel                          build/stm32f4xx_hal_tim.o
HAL_TIM_OC_DeInit                                 build/stm32f4xx_hal_tim.o
HAL_TIM_OC_DelayElapsedCallback                   build/stm32f4xx_hal_tim.o
HAL_TIM_OC_GetState                               build/stm32f4xx_hal_tim.o
HAL_TIM_OC_Init                                   build/stm32f4xx_hal_tim.o
HAL_TIM_OC_MspDeInit                              build/stm32f4xx_hal_tim.o
HAL_TIM_OC_MspInit                                build/stm32f4xx_hal_tim.o
HAL_TIM_OC_Start                                  build/stm32f4xx_hal_tim.o
HAL_TIM_OC_Start_DMA                              build/stm32f4xx_hal_tim.o
HAL_TIM_OC_Start_IT                               build/stm32f4xx_hal_tim.o
HAL_TIM_OC_Stop                                   build/stm32f4xx_hal_tim.o
HAL_TIM_OC_Stop_DMA                               build/stm32f4xx_hal_tim.o
HAL_TIM_OC_Stop_IT                                build/stm32f4xx_hal_tim.o
HAL_TIM_OnePulse_ConfigChannel                    build/stm32f4xx_hal_tim.o
HAL_TIM_OnePulse_DeInit                           build/stm32f4xx_hal_tim.o
HAL_TIM_OnePulse_GetState                         build/stm32f4xx_hal_tim.o
HAL_TIM_OnePulse_Init                             build/stm32f4xx_hal_tim.o
HAL_TIM_OnePulse_MspDeInit                        build/stm32f4xx_hal_tim.o
HAL_TIM_OnePulse_MspInit                          build/stm32f4xx_hal_tim.o
HAL_TIM_OnePulse_Start                            build/stm32f4xx_hal_tim.o
HAL_TIM_OnePulse_Start_IT                         build/stm32f4xx_hal_tim.o
HAL_TIM_OnePulse_Stop                             build/stm32f4xx_hal_tim.o
HAL_TIM_OnePulse_Stop_IT                          build/stm32f4xx_hal_tim.o
HAL_TIM_PWM_ConfigChannel                         build/stm32f4xx_hal_tim.o
                                                  build/tim.o
HAL_TIM_PWM_DeInit                                build/stm32f4xx_hal_tim.o
HAL_TIM_PWM_GetState                              build/stm32f4xx_hal_tim.o
HAL_TIM_PWM_Init                                  build/stm32f4xx_hal_tim.o
                                                  build/tim.o
HAL_TIM_PWM_MspDeInit                             build/tim.o
HAL_TIM_PWM_MspInit                               build/tim.o
HAL_TIM_PWM_PulseFinishedCallback                 build/stm32f4xx_hal_tim.o
                                                  build/stm32f4xx_hal_tim_ex.o
HAL_TIM_PWM_PulseFinishedHalfCpltCallback         build/stm32f4xx_hal_tim.o
HAL_TIM_PWM_Start                                 build/stm32f4xx_hal_tim.o
HAL_TIM_PWM_Start_DMA                             build/stm32f4xx_hal_tim.o
HAL_TIM_PWM_Start_IT                              build/stm32f4xx_hal_tim.o
HAL_TIM_PWM_Stop                                  build/stm32f4xx_hal_tim.o
HAL_TIM_PWM_Stop_DMA                              build/stm32f4xx_hal_tim.o
HAL_TIM_PWM_Stop_IT                               build/stm32f4xx_hal_tim.o
HAL_TIM_PeriodElapsedCallback                     build/main.o
HAL_TIM_PeriodElapsedHalfCpltCallback             build/stm32f4xx_hal_tim.o
HAL_TIM_ReadCapturedValue                         build/stm32f4xx_hal_tim.o
HAL_TIM_SlaveConfigSynchro                        build/stm32f4xx_hal_tim.o
HAL_TIM_SlaveConfigSynchro_IT                     build/stm32f4xx_hal_tim.o
HAL_TIM_TriggerCallback                           build/stm32f4xx_hal_tim.o
HAL_TIM_TriggerHalfCpltCallback                   build/stm32f4xx_hal_tim.o
HAL_UARTEx_ReceiveToIdle                          build/stm32f4xx_hal_uart.o
HAL_UARTEx_ReceiveToIdle_DMA                      build/stm32f4xx_hal_uart.o
HAL_UARTEx_ReceiveToIdle_IT                       build/stm32f4xx_hal_uart.o
HAL_UARTEx_RxEventCallback                        build/stm32f4xx_hal_uart.o
HAL_UART_Abort                                    build/stm32f4xx_hal_uart.o
HAL_UART_AbortCpltCallback                        build/stm32f4xx_hal_uart.o
HAL_UART_AbortReceive                             build/stm32f4xx_hal_uart.o
HAL_UART_AbortReceiveCpltCallback                 build/stm32f4xx_hal_uart.o
HAL_UART_AbortReceive_IT                          build/stm32f4xx_hal_uart.o